Component: ARM Compiler 5.06 update 7 (build 960) Tool: armlink [4d3601]

==============================================================================

Section Cross References

    startup_stm32f103xe.o(RESET) refers to startup_stm32f103xe.o(STACK) for __initial_sp
    startup_stm32f103xe.o(RESET) refers to startup_stm32f103xe.o(.text) for Reset_Handler
    startup_stm32f103xe.o(RESET) refers to stm32f1xx_it.o(i.NMI_Handler) for NMI_Handler
    startup_stm32f103xe.o(RESET) refers to stm32f1xx_it.o(i.HardFault_Handler) for HardFault_Handler
    startup_stm32f103xe.o(RESET) refers to stm32f1xx_it.o(i.MemManage_Handler) for MemManage_Handler
    startup_stm32f103xe.o(RESET) refers to stm32f1xx_it.o(i.BusFault_Handler) for BusFault_Handler
    startup_stm32f103xe.o(RESET) refers to stm32f1xx_it.o(i.UsageFault_Handler) for UsageFault_Handler
    startup_stm32f103xe.o(RESET) refers to stm32f1xx_it.o(i.SVC_Handler) for SVC_Handler
    startup_stm32f103xe.o(RESET) refers to stm32f1xx_it.o(i.DebugMon_Handler) for DebugMon_Handler
    startup_stm32f103xe.o(RESET) refers to stm32f1xx_it.o(i.PendSV_Handler) for PendSV_Handler
    startup_stm32f103xe.o(RESET) refers to stm32f1xx_it.o(i.SysTick_Handler) for SysTick_Handler
    startup_stm32f103xe.o(RESET) refers to stm32f1xx_it.o(i.USART1_IRQHandler) for USART1_IRQHandler
    startup_stm32f103xe.o(.text) refers to system_stm32f1xx.o(i.SystemInit) for SystemInit
    startup_stm32f103xe.o(.text) refers to entry.o(.ARM.Collect$$$$00000000) for __main
    main.o(i.SystemClock_Config) refers to memseta.o(.text) for __aeabi_memclr4
    main.o(i.SystemClock_Config) refers to stm32f1xx_hal_rcc.o(i.HAL_RCC_OscConfig) for HAL_RCC_OscConfig
    main.o(i.SystemClock_Config) refers to stm32f1xx_hal_rcc.o(i.HAL_RCC_ClockConfig) for HAL_RCC_ClockConfig
    main.o(i.main) refers to stm32f1xx_hal.o(i.HAL_Init) for HAL_Init
    main.o(i.main) refers to main.o(i.SystemClock_Config) for SystemClock_Config
    main.o(i.main) refers to gpio.o(i.MX_GPIO_Init) for MX_GPIO_Init
    main.o(i.main) refers to usart.o(i.MX_USART1_UART_Init) for MX_USART1_UART_Init
    main.o(i.main) refers to usart.o(i.UsartPrintf) for UsartPrintf
    main.o(i.main) refers to blood.o(i.MAX30102_GPIO) for MAX30102_GPIO
    main.o(i.main) refers to blood.o(i.Max30102_reset) for Max30102_reset
    main.o(i.main) refers to blood.o(i.MAX30102_Config) for MAX30102_Config
    main.o(i.main) refers to blood.o(i.max30102_read_fifo) for max30102_read_fifo
    main.o(i.main) refers to stm32f1xx_hal_gpio.o(i.HAL_GPIO_ReadPin) for HAL_GPIO_ReadPin
    main.o(i.main) refers to lcd_init.o(i.LCD_Init) for LCD_Init
    main.o(i.main) refers to lcd.o(i.LCD_Fill) for LCD_Fill
    main.o(i.main) refers to blood.o(i.blood_Loop) for blood_Loop
    main.o(i.main) refers to lcd.o(i.LCD_ShowChinese) for LCD_ShowChinese
    main.o(i.main) refers to lcd.o(i.LCD_ShowString) for LCD_ShowString
    main.o(i.main) refers to lcd.o(i.LCD_ShowIntNum) for LCD_ShowIntNum
    main.o(i.main) refers to lcd.o(i.LCD_ShowFloatNum1) for LCD_ShowFloatNum1
    main.o(i.main) refers to f2d.o(.text) for __aeabi_f2d
    main.o(i.main) refers to dadd.o(.text) for __aeabi_dadd
    main.o(i.main) refers to d2f.o(.text) for __aeabi_d2f
    main.o(i.main) refers to lcd.o(i.LCD_ShowPicture) for LCD_ShowPicture
    main.o(i.main) refers to main.o(.constdata) for .constdata
    gpio.o(i.MX_GPIO_Init) refers to stm32f1xx_hal_gpio.o(i.HAL_GPIO_WritePin) for HAL_GPIO_WritePin
    gpio.o(i.MX_GPIO_Init) refers to stm32f1xx_hal_gpio.o(i.HAL_GPIO_Init) for HAL_GPIO_Init
    usart.o(i.HAL_UART_MspDeInit) refers to stm32f1xx_hal_gpio.o(i.HAL_GPIO_DeInit) for HAL_GPIO_DeInit
    usart.o(i.HAL_UART_MspDeInit) refers to stm32f1xx_hal_cortex.o(i.HAL_NVIC_DisableIRQ) for HAL_NVIC_DisableIRQ
    usart.o(i.HAL_UART_MspInit) refers to stm32f1xx_hal_gpio.o(i.HAL_GPIO_Init) for HAL_GPIO_Init
    usart.o(i.HAL_UART_MspInit) refers to stm32f1xx_hal_cortex.o(i.HAL_NVIC_SetPriority) for HAL_NVIC_SetPriority
    usart.o(i.HAL_UART_MspInit) refers to stm32f1xx_hal_cortex.o(i.HAL_NVIC_EnableIRQ) for HAL_NVIC_EnableIRQ
    usart.o(i.MX_USART1_UART_Init) refers to stm32f1xx_hal_uart.o(i.HAL_UART_Init) for HAL_UART_Init
    usart.o(i.MX_USART1_UART_Init) refers to main.o(i.Error_Handler) for Error_Handler
    usart.o(i.MX_USART1_UART_Init) refers to usart.o(.bss) for .bss
    usart.o(i.UsartPrintf) refers to printfa.o(i.__0vsnprintf) for vsnprintf
    usart.o(i.UsartPrintf) refers to stm32f1xx_hal_uart.o(i.HAL_UART_Transmit) for HAL_UART_Transmit
    usart.o(i.UsartPrintf) refers to usart.o(.bss) for .bss
    stm32f1xx_it.o(i.SysTick_Handler) refers to stm32f1xx_hal.o(i.HAL_IncTick) for HAL_IncTick
    stm32f1xx_it.o(i.USART1_IRQHandler) refers to stm32f1xx_hal_uart.o(i.HAL_UART_IRQHandler) for HAL_UART_IRQHandler
    stm32f1xx_it.o(i.USART1_IRQHandler) refers to usart.o(.bss) for huart1
    stm32f1xx_hal_uart.o(i.HAL_HalfDuplex_Init) refers to usart.o(i.HAL_UART_MspInit) for HAL_UART_MspInit
[...]
    Removing stm32f1xx_hal_uart.o(i.UART_DMARxAbortCallback), (44 bytes).
    Removing stm32f1xx_hal_uart.o(i.UART_DMARxHalfCplt), (30 bytes).
    Removing stm32f1xx_hal_uart.o(i.UART_DMARxOnlyAbortCallback), (22 bytes).
    Removing stm32f1xx_hal_uart.o(i.UART_DMATransmitCplt), (66 bytes).
    Removing stm32f1xx_hal_uart.o(i.UART_DMATxAbortCallback), (44 bytes).
    Removing stm32f1xx_hal_uart.o(i.UART_DMATxHalfCplt), (10 bytes).
    Removing stm32f1xx_hal_uart.o(i.UART_DMATxOnlyAbortCallback), (20 bytes).
    Removing stm32f1xx_hal_uart.o(i.UART_EndTxTransfer), (28 bytes).
    Removing stm32f1xx_hal_uart.o(i.UART_Start_Receive_DMA), (144 bytes).
    Removing stm32f1xx_hal_uart.o(i.UART_Start_Receive_IT), (54 bytes).
    Removing stm32f1xx_hal.o(.rev16_text), (4 bytes).
    Removing stm32f1xx_hal.o(.revsh_text), (4 bytes).
    Removing stm32f1xx_hal.o(.rrx_text), (6 bytes).
    Removing stm32f1xx_hal.o(i.HAL_DBGMCU_DisableDBGSleepMode), (16 bytes).
    Removing stm32f1xx_hal.o(i.HAL_DBGMCU_DisableDBGStandbyMode), (16 bytes).
    Removing stm32f1xx_hal.o(i.HAL_DBGMCU_DisableDBGStopMode), (16 bytes).
    Removing stm32f1xx_hal.o(i.HAL_DBGMCU_EnableDBGSleepMode), (16 bytes).
    Removing stm32f1xx_hal.o(i.HAL_DBGMCU_EnableDBGStandbyMode), (16 bytes).
    Removing stm32f1xx_hal.o(i.HAL_DBGMCU_EnableDBGStopMode), (16 bytes).
    Removing stm32f1xx_hal.o(i.HAL_DeInit), (32 bytes).
    Removing stm32f1xx_hal.o(i.HAL_GetDEVID), (16 bytes).
    Removing stm32f1xx_hal.o(i.HAL_GetHalVersion), (8 bytes).
    Removing stm32f1xx_hal.o(i.HAL_GetREVID), (12 bytes).
    Removing stm32f1xx_hal.o(i.HAL_GetTickFreq), (12 bytes).
    Removing stm32f1xx_hal.o(i.HAL_GetTickPrio), (12 bytes).
    Removing stm32f1xx_hal.o(i.HAL_GetUIDw0), (12 bytes).
    Removing stm32f1xx_hal.o(i.HAL_GetUIDw1), (12 bytes).
    Removing stm32f1xx_hal.o(i.HAL_GetUIDw2), (12 bytes).
    Removing stm32f1xx_hal.o(i.HAL_MspDeInit), (2 bytes).
    Removing stm32f1xx_hal.o(i.HAL_MspInit), (2 bytes).
    Removing stm32f1xx_hal.o(i.HAL_ResumeTick), (14 bytes).
    Removing stm32f1xx_hal.o(i.HAL_SetTickFreq), (36 bytes).
    Removing stm32f1xx_hal.o(i.HAL_SuspendTick), (14 bytes).
    Removing stm32f1xx_hal_rcc.o(.rev16_text), (4 bytes).
    Removing stm32f1xx_hal_rcc.o(.revsh_text), (4 bytes).
    Removing stm32f1xx_hal_rcc.o(.rrx_text), (6 bytes).
    Removing stm32f1xx_hal_rcc.o(i.HAL_RCC_CSSCallback), (2 bytes).
    Removing stm32f1xx_hal_rcc.o(i.HAL_RCC_DeInit), (220 bytes).
    Removing stm32f1xx_hal_rcc.o(i.HAL_RCC_DisableCSS), (12 bytes).
    Removing stm32f1xx_hal_rcc.o(i.HAL_RCC_EnableCSS), (12 bytes).
    Removing stm32f1xx_hal_rcc.o(i.HAL_RCC_GetClockConfig), (64 bytes).
    Removing stm32f1xx_hal_rcc.o(i.HAL_RCC_GetHCLKFreq), (12 bytes).
    Removing stm32f1xx_hal_rcc.o(i.HAL_RCC_GetOscConfig), (144 bytes).
    Removing stm32f1xx_hal_rcc.o(i.HAL_RCC_MCOConfig), (72 bytes).
    Removing stm32f1xx_hal_rcc.o(i.HAL_RCC_NMI_IRQHandler), (24 bytes).
    Removing stm32f1xx_hal_rcc_ex.o(.rev16_text), (4 bytes).
    Removing stm32f1xx_hal_rcc_ex.o(.revsh_text), (4 bytes).
    Removing stm32f1xx_hal_rcc_ex.o(.rrx_text), (6 bytes).
    Removing stm32f1xx_hal_rcc_ex.o(i.HAL_RCCEx_GetPeriphCLKConfig), (52 bytes).
    Removing stm32f1xx_hal_rcc_ex.o(i.HAL_RCCEx_GetPeriphCLKFreq), (184 bytes).
    Removing stm32f1xx_hal_rcc_ex.o(i.HAL_RCCEx_PeriphCLKConfig), (236 bytes).
    Removing stm32f1xx_hal_rcc_ex.o(.constdata), (18 bytes).
    Removing stm32f1xx_hal_gpio.o(.rev16_text), (4 bytes).
    Removing stm32f1xx_hal_gpio.o(.revsh_text), (4 bytes).
    Removing stm32f1xx_hal_gpio.o(.rrx_text), (6 bytes).
    Removing stm32f1xx_hal_gpio.o(i.HAL_GPIO_DeInit), (316 bytes).
    Removing stm32f1xx_hal_gpio.o(i.HAL_GPIO_EXTI_Callback), (2 bytes).
    Removing stm32f1xx_hal_gpio.o(i.HAL_GPIO_EXTI_IRQHandler), (24 bytes).
    Removing stm32f1xx_hal_gpio.o(i.HAL_GPIO_LockPin), (34 bytes).
    Removing stm32f1xx_hal_gpio.o(i.HAL_GPIO_TogglePin), (16 bytes).
    Removing stm32f1xx_hal_dma.o(.rev16_text), (4 bytes).
    Removing stm32f1xx_hal_dma.o(.revsh_text), (4 bytes).
    Removing stm32f1xx_hal_dma.o(.rrx_text), (6 bytes).
    Removing stm32f1xx_hal_dma.o(i.DMA_SetConfig), (42 bytes).
    Removing stm32f1xx_hal_dma.o(i.HAL_DMA_DeInit), (128 bytes).
    Removing stm32f1xx_hal_dma.o(i.HAL_DMA_GetError), (4 bytes).
    Removing stm32f1xx_hal_dma.o(i.HAL_DMA_GetState), (6 bytes).
    Removing stm32f1xx_hal_dma.o(i.HAL_DMA_IRQHandler), (584 bytes).
    Removing stm32f1xx_hal_dma.o(i.HAL_DMA_Init), (124 bytes).
    Removing stm32f1xx_hal_dma.o(i.HAL_DMA_PollForTransfer), (988 bytes).
    Removing stm32f1xx_hal_dma.o(i.HAL_DMA_RegisterCallback), (74 bytes).
    Removing stm32f1xx_hal_dma.o(i.HAL_DMA_Start), (80 bytes).
    Removing stm32f1xx_hal_dma.o(i.HAL_DMA_Start_IT), (112 bytes).
    Removing stm32f1xx_hal_dma.o(i.HAL_DMA_UnRegisterCallback), (82 bytes).
    Removing stm32f1xx_hal_cortex.o(.rev16_text), (4 bytes).
    Removing stm32f1xx_hal_cortex.o(.revsh_text), (4 bytes).
    Removing stm32f1xx_hal_cortex.o(.rrx_text), (6 bytes).
    Removing stm32f1xx_hal_cortex.o(i.HAL_NVIC_ClearPendingIRQ), (26 bytes).
    Removing stm32f1xx_hal_cortex.o(i.HAL_NVIC_DisableIRQ), (34 bytes).
    Removing stm32f1xx_hal_cortex.o(i.HAL_NVIC_GetActive), (36 bytes).
    Removing stm32f1xx_hal_cortex.o(i.HAL_NVIC_GetPendingIRQ), (36 bytes).
    Removing stm32f1xx_hal_cortex.o(i.HAL_NVIC_GetPriority), (82 bytes).
    Removing stm32f1xx_hal_cortex.o(i.HAL_NVIC_GetPriorityGrouping), (16 bytes).
    Removing stm32f1xx_hal_cortex.o(i.HAL_NVIC_SetPendingIRQ), (26 bytes).
    Removing stm32f1xx_hal_cortex.o(i.HAL_NVIC_SystemReset), (36 bytes).
    Removing stm32f1xx_hal_cortex.o(i.HAL_SYSTICK_CLKSourceConfig), (24 bytes).
    Removing stm32f1xx_hal_cortex.o(i.HAL_SYSTICK_Callback), (2 bytes).
    Removing stm32f1xx_hal_cortex.o(i.HAL_SYSTICK_IRQHandler), (8 bytes).
    Removing stm32f1xx_hal_pwr.o(.rev16_text), (4 bytes).
    Removing stm32f1xx_hal_pwr.o(.revsh_text), (4 bytes).
    Removing stm32f1xx_hal_pwr.o(.rrx_text), (6 bytes).
    Removing stm32f1xx_hal_pwr.o(i.HAL_PWR_ConfigPVD), (124 bytes).
    Removing stm32f1xx_hal_pwr.o(i.HAL_PWR_DeInit), (24 bytes).
    Removing stm32f1xx_hal_pwr.o(i.HAL_PWR_DisableBkUpAccess), (12 bytes).
    Removing stm32f1xx_hal_pwr.o(i.HAL_PWR_DisablePVD), (12 bytes).
    Removing stm32f1xx_hal_pwr.o(i.HAL_PWR_DisableSEVOnPend), (16 bytes).
    Removing stm32f1xx_hal_pwr.o(i.HAL_PWR_DisableSleepOnExit), (16 bytes).
    Removing stm32f1xx_hal_pwr.o(i.HAL_PWR_DisableWakeUpPin), (28 bytes).
    Removing stm32f1xx_hal_pwr.o(i.HAL_PWR_EnableBkUpAccess), (12 bytes).
    Removing stm32f1xx_hal_pwr.o(i.HAL_PWR_EnablePVD), (12 bytes).
    Removing stm32f1xx_hal_pwr.o(i.HAL_PWR_EnableSEVOnPend), (16 bytes).
    Removing stm32f1xx_hal_pwr.o(i.HAL_PWR_EnableSleepOnExit), (16 bytes).
    Removing stm32f1xx_hal_pwr.o(i.HAL_PWR_EnableWakeUpPin), (28 bytes).
    Removing stm32f1xx_hal_pwr.o(i.HAL_PWR_EnterSLEEPMode), (32 bytes).
    Removing stm32f1xx_hal_pwr.o(i.HAL_PWR_EnterSTANDBYMode), (32 bytes).
    Removing stm32f1xx_hal_pwr.o(i.HAL_PWR_EnterSTOPMode), (68 bytes).
    Removing stm32f1xx_hal_pwr.o(i.HAL_PWR_PVDCallback), (2 bytes).
    Removing stm32f1xx_hal_pwr.o(i.HAL_PWR_PVD_IRQHandler), (28 bytes).
    Removing stm32f1xx_hal_pwr.o(i.PWR_OverloadWfe), (6 bytes).
    Removing stm32f1xx_hal_flash.o(.rev16_text), (4 bytes).
    Removing stm32f1xx_hal_flash.o(.revsh_text), (4 bytes).
    Removing stm32f1xx_hal_flash.o(.rrx_text), (6 bytes).
    Removing stm32f1xx_hal_flash.o(i.FLASH_Program_HalfWord), (28 bytes).
    Removing stm32f1xx_hal_flash.o(i.FLASH_SetErrorCode), (92 bytes).
    Removing stm32f1xx_hal_flash.o(i.FLASH_WaitForLastOperation), (84 bytes).
    Removing stm32f1xx_hal_flash.o(i.HAL_FLASH_EndOfOperationCallback), (2 bytes).
    Removing stm32f1xx_hal_flash.o(i.HAL_FLASH_GetError), (12 bytes).
    Removing stm32f1xx_hal_flash.o(i.HAL_FLASH_IRQHandler), (264 bytes).
    Removing stm32f1xx_hal_flash.o(i.HAL_FLASH_Lock), (20 bytes).
    Removing stm32f1xx_hal_flash.o(i.HAL_FLASH_OB_Launch), (4 bytes).
    Removing stm32f1xx_hal_flash.o(i.HAL_FLASH_OB_Lock), (20 bytes).
    Removing stm32f1xx_hal_flash.o(i.HAL_FLASH_OB_Unlock), (36 bytes).
    Removing stm32f1xx_hal_flash.o(i.HAL_FLASH_OperationErrorCallback), (2 bytes).
    Removing stm32f1xx_hal_flash.o(i.HAL_FLASH_Program), (128 bytes).
    Removing stm32f1xx_hal_flash.o(i.HAL_FLASH_Program_IT), (100 bytes).
    Removing stm32f1xx_hal_flash.o(i.HAL_FLASH_Unlock), (40 bytes).
    Removing stm32f1xx_hal_flash.o(.bss), (32 bytes).
    Removing stm32f1xx_hal_flash_ex.o(.rev16_text), (4 bytes).
    Removing stm32f1xx_hal_flash_ex.o(.revsh_text), (4 bytes).
    Removing stm32f1xx_hal_flash_ex.o(.rrx_text), (6 bytes).
    Removing stm32f1xx_hal_flash_ex.o(i.FLASH_MassErase), (36 bytes).
    Removing stm32f1xx_hal_flash_ex.o(i.FLASH_OB_DisableWRP), (176 bytes).
    Removing stm32f1xx_hal_flash_ex.o(i.FLASH_OB_EnableWRP), (176 bytes).
    Removing stm32f1xx_hal_flash_ex.o(i.FLASH_OB_GetRDP), (24 bytes).
    Removing stm32f1xx_hal_flash_ex.o(i.FLASH_OB_RDP_LevelConfig), (100 bytes).
    Removing stm32f1xx_hal_flash_ex.o(i.FLASH_PageErase), (36 bytes).
    Removing stm32f1xx_hal_flash_ex.o(i.HAL_FLASHEx_Erase), (168 bytes).
    Removing stm32f1xx_hal_flash_ex.o(i.HAL_FLASHEx_Erase_IT), (84 bytes).
    Removing stm32f1xx_hal_flash_ex.o(i.HAL_FLASHEx_OBErase), (84 bytes).
    Removing stm32f1xx_hal_flash_ex.o(i.HAL_FLASHEx_OBGetConfig), (36 bytes).
    Removing stm32f1xx_hal_flash_ex.o(i.HAL_FLASHEx_OBGetUserData), (32 bytes).
    Removing stm32f1xx_hal_flash_ex.o(i.HAL_FLASHEx_OBProgram), (200 bytes).
    Removing stm32f1xx_hal_exti.o(.rev16_text), (4 bytes).
    Removing stm32f1xx_hal_exti.o(.revsh_text), (4 bytes).
    Removing stm32f1xx_hal_exti.o(.rrx_text), (6 bytes).
    Removing stm32f1xx_hal_exti.o(i.HAL_EXTI_ClearConfigLine), (104 bytes).
    Removing stm32f1xx_hal_exti.o(i.HAL_EXTI_ClearPending), (20 bytes).
    Removing stm32f1xx_hal_exti.o(i.HAL_EXTI_GenerateSWI), (20 bytes).
    Removing stm32f1xx_hal_exti.o(i.HAL_EXTI_GetConfigLine), (140 bytes).
    Removing stm32f1xx_hal_exti.o(i.HAL_EXTI_GetHandle), (12 bytes).
    Removing stm32f1xx_hal_exti.o(i.HAL_EXTI_GetPending), (24 bytes).
    Removing stm32f1xx_hal_exti.o(i.HAL_EXTI_IRQHandler), (36 bytes).
    Removing stm32f1xx_hal_exti.o(i.HAL_EXTI_RegisterCallback), (14 bytes).
    Removing stm32f1xx_hal_exti.o(i.HAL_EXTI_SetConfigLine), (164 bytes).
    Removing system_stm32f1xx.o(.rev16_text), (4 bytes).
    Removing system_stm32f1xx.o(.revsh_text), (4 bytes).
    Removing system_stm32f1xx.o(.rrx_text), (6 bytes).
    Removing system_stm32f1xx.o(i.SystemCoreClockUpdate), (104 bytes).
    Removing lcd.o(.rev16_text), (4 bytes).
    Removing lcd.o(.revsh_text), (4 bytes).
    Removing lcd.o(.rrx_text), (6 bytes).
    Removing lcd.o(i.Draw_Circle), (188 bytes).
    Removing lcd.o(i.LCD_DrawLine), (156 bytes).
    Removing lcd.o(i.LCD_DrawRectangle), (68 bytes).
    Removing lcd_init.o(.rev16_text), (4 bytes).
    Removing lcd_init.o(.revsh_text), (4 bytes).
    Removing lcd_init.o(.rrx_text), (6 bytes).
    Removing lcd_init.o(i.LCD_GPIO_Init), (2 bytes).
    Removing algorithm.o(.rev16_text), (4 bytes).
    Removing algorithm.o(.revsh_text), (4 bytes).
    Removing algorithm.o(.rrx_text), (6 bytes).
    Removing algorithm.o(i.bw_filter), (92 bytes).
    Removing algorithm.o(i.dc_filter), (64 bytes).
    Removing algorithm.o(i.qsqrt), (44 bytes).
    Removing blood.o(.rev16_text), (4 bytes).
    Removing blood.o(.revsh_text), (4 bytes).
    Removing blood.o(.rrx_text), (6 bytes).
    Removing blood.o(.data), (8 bytes).
    Removing xiic.o(.rev16_text), (4 bytes).
    Removing xiic.o(.revsh_text), (4 bytes).
    Removing xiic.o(.rrx_text), (6 bytes).
    Removing xiic.o(i.IIC_GPIO_INIT), (2 bytes).
    Removing xiic.o(i.IIC_Write_Array), (108 bytes).

253 unused section(s) (total 12646 bytes) removed from the image.

==============================================================================

Image Symbol Table

    Local Symbols

    Symbol Name                              Value     Ov Type        Size  Object(Section)

    ../Core/Src/gpio.c                       0x00000000   Number         0  gpio.o ABSOLUTE
    ../Core/Src/main.c                       0x00000000   Number         0  main.o ABSOLUTE
    ../Core/Src/stm32f1xx_hal_msp.c          0x00000000   Number         0  stm32f1xx_hal_msp.o ABSOLUTE
    ../Core/Src/stm32f1xx_it.c               0x00000000   Number         0  stm32f1xx_it.o ABSOLUTE
    ../Core/Src/system_stm32f1xx.c           0x00000000   Number         0  system_stm32f1xx.o ABSOLUTE
    ../Core/Src/usart.c                      0x00000000   Number         0  usart.o ABSOLUTE
    ../Drivers/STM32F1xx_HAL_Driver/Src/stm32f1xx_hal.c 0x00000000   Number         0  stm32f1xx_hal.o ABSOLUTE
    ../Drivers/STM32F1xx_HAL_Driver/Src/stm32f1xx_hal_cortex.c 0x00000000   Number         0  stm32f1xx_hal_cortex.o ABSOLUTE
    ../Drivers/STM32F1xx_HAL_Driver/Src/stm32f1xx_hal_dma.c 0x00000000   Number         0  stm32f1xx_hal_dma.o ABSOLUTE
    ../Drivers/STM32F1xx_HAL_Driver/Src/stm32f1xx_hal_exti.c 0x00000000   Number         0  stm32f1xx_hal_exti.o ABSOLUTE
    ../Drivers/STM32F1xx_HAL_Driver/Src/stm32f1xx_hal_flash.c 0x00000000   Number         0  stm32f1xx_hal_flash.o ABSOLUTE
    ../Drivers/STM32F1xx_HAL_Driver/Src/stm32f1xx_hal_flash_ex.c 0x00000000   Number         0  stm32f1xx_hal_flash_ex.o ABSOLUTE
    ../Drivers/STM32F1xx_HAL_Driver/Src/stm32f1xx_hal_gpio.c 0x00000000   Number         0  stm32f1xx_hal_gpio.o ABSOLUTE
    ../Drivers/STM32F1xx_HAL_Driver/Src/stm32f1xx_hal_gpio_ex.c 0x00000000   Number         0  stm32f1xx_hal_gpio_ex.o ABSOLUTE
    ../Drivers/STM32F1xx_HAL_Driver/Src/stm32f1xx_hal_pwr.c 0x00000000   Number         0  stm32f1xx_hal_pwr.o ABSOLUTE
    ../Drivers/STM32F1xx_HAL_Driver/Src/stm32f1xx_hal_rcc.c 0x00000000   Number         0  stm32f1xx_hal_rcc.o ABSOLUTE
    ../Drivers/STM32F1xx_HAL_Driver/Src/stm32f1xx_hal_rcc_ex.c 0x00000000   Number         0  stm32f1xx_hal_rcc_ex.o ABSOLUTE
    ../Drivers/STM32F1xx_HAL_Driver/Src/stm32f1xx_hal_tim.c 0x00000000   Number         0  stm32f1xx_hal_tim.o ABSOLUTE
    ../Drivers/STM32F1xx_HAL_Driver/Src/stm32f1xx_hal_tim_ex.c 0x00000000   Number         0  stm32f1xx_hal_tim_ex.o ABSOLUTE
    ../Drivers/STM32F1xx_HAL_Driver/Src/stm32f1xx_hal_uart.c 0x00000000   Number         0  stm32f1xx_hal_uart.o ABSOLUTE
    ../clib/microlib/division.c              0x00000000   Number         0  uidiv.o ABSOLUTE
    ../clib/microlib/division.c              0x00000000   Number         0  uldiv.o ABSOLUTE
    ../clib/microlib/errno.c                 0x00000000   Number         0  errno.o ABSOLUTE
    ../clib/microlib/init/entry.s            0x00000000   Number         0  entry7a.o ABSOLUTE
    ../clib/microlib/init/entry.s            0x00000000   Number         0  entry5.o ABSOLUTE
    ../clib/microlib/init/entry.s            0x00000000   Number         0  entry2.o ABSOLUTE
    ../clib/microlib/init/entry.s            0x00000000   Number         0  entry8a.o ABSOLUTE
    ../clib/microlib/init/entry.s            0x00000000   Number         0  entry12a.o ABSOLUTE
    ../clib/microlib/init/entry.s            0x00000000   Number         0  entry12b.o ABSOLUTE
    ../clib/microlib/init/entry.s            0x00000000   Number         0  entry9b.o ABSOLUTE
    ../clib/microlib/init/entry.s            0x00000000   Number         0  entry11b.o ABSOLUTE
    ../clib/microlib/init/entry.s            0x00000000   Number         0  entry11a.o ABSOLUTE
    ../clib/microlib/init/entry.s            0x00000000   Number         0  entry.o ABSOLUTE
    ../clib/microlib/init/entry.s            0x00000000   Number         0  entry10b.o ABSOLUTE
    ../clib/microlib/init/entry.s            0x00000000   Number         0  entry9a.o ABSOLUTE
    ../clib/microlib/init/entry.s            0x00000000   Number         0  entry10a.o ABSOLUTE
    ../clib/microlib/init/entry.s            0x00000000   Number         0  entry7b.o ABSOLUTE
    ../clib/microlib/init/entry.s            0x00000000   Number         0  entry8b.o ABSOLUTE
    ../clib/microlib/longlong.c              0x00000000   Number         0  llushr.o ABSOLUTE
    ../clib/microlib/longlong.c              0x00000000   Number         0  llsshr.o ABSOLUTE
    ../clib/microlib/longlong.c              0x00000000   Number         0  llshl.o ABSOLUTE
    ../clib/microlib/printf/printf.c         0x00000000   Number         0  printfa.o ABSOLUTE
    ../clib/microlib/stdio/fputc.c           0x00000000   Number         0  fputc.o ABSOLUTE
    ../clib/microlib/stdio/semi.s            0x00000000   Number         0  semi.o ABSOLUTE
    ../clib/microlib/stdio/streams.c         0x00000000   Number         0  stdout.o ABSOLUTE
    ../clib/microlib/string/memset.c         0x00000000   Number         0  memseta.o ABSOLUTE
    ../clib/microlib/stubs.s                 0x00000000   Number         0  iusesemip.o ABSOLUTE
    ../clib/microlib/stubs.s                 0x00000000   Number         0  iusefp.o ABSOLUTE
    ../fplib/microlib/d2f.c                  0x00000000   Number         0  d2f.o ABSOLUTE
    ../fplib/microlib/f2d.c                  0x00000000   Number         0  f2d.o ABSOLUTE
    ../fplib/microlib/fpadd.c                0x00000000   Number         0  dadd.o ABSOLUTE
    ../fplib/microlib/fpadd.c                0x00000000   Number         0  fadd.o ABSOLUTE
    ../fplib/microlib/fpdiv.c                0x00000000   Number         0  ddiv.o ABSOLUTE
    ../fplib/microlib/fpdiv.c                0x00000000   Number         0  fdiv.o ABSOLUTE
    ../fplib/microlib/fpepilogue.c           0x00000000   Number         0  fepilogue.o ABSOLUTE
    ../fplib/microlib/fpepilogue.c           0x00000000   Number         0  depilogue.o ABSOLUTE
    ../fplib/microlib/fpfix.c                0x00000000   Number         0  ffixui.o ABSOLUTE
    ../fplib/microlib/fpfix.c                0x00000000   Number         0  dfixi.o ABSOLUTE
    ../fplib/microlib/fpfix.c                0x00000000   Number         0  ffixi.o ABSOLUTE
    ../fplib/microlib/fpfix.c                0x00000000   Number         0  dfixul.o ABSOLUTE
    ../fplib/microlib/fpflt.c                0x00000000   Number         0  fflti.o ABSOLUTE
    ../fplib/microlib/fpflt.c                0x00000000   Number         0  ffltui.o ABSOLUTE
    ../fplib/microlib/fpflt.c                0x00000000   Number         0  dflti.o ABSOLUTE
    ../fplib/microlib/fpmul.c                0x00000000   Number         0  dmul.o ABSOLUTE
    ../fplib/microlib/fpmul.c                0x00000000   Number         0  fmul.o ABSOLUTE
    ../fplib/microlib/fpscalb.c              0x00000000   Number         0  fscalb.o ABSOLUTE
    ../fplib/microlib/fpscalb.c              0x00000000   Number         0  dscalb.o ABSOLUTE
    ../fplib/microlib/fpsqrt.c               0x00000000   Number         0  fsqrt.o ABSOLUTE
    ../mathlib/sqrtf.c                       0x00000000   Number         0  sqrtf_x.o ABSOLUTE
    ../mathlib/sqrtf.c                       0x00000000   Number         0  sqrtf.o ABSOLUTE
    ..\Core\Src\gpio.c                       0x00000000   Number         0  gpio.o ABSOLUTE
    ..\Core\Src\main.c                       0x00000000   Number         0  main.o ABSOLUTE
    ..\Core\Src\stm32f1xx_hal_msp.c          0x00000000   Number         0  stm32f1xx_hal_msp.o ABSOLUTE
    ..\Core\Src\stm32f1xx_it.c               0x00000000   Number         0  stm32f1xx_it.o ABSOLUTE
    ..\Core\Src\system_stm32f1xx.c           0x00000000   Number         0  system_stm32f1xx.o ABSOLUTE
    ..\Core\Src\usart.c                      0x00000000   Number         0  usart.o ABSOLUTE
    ..\Drivers\STM32F1xx_HAL_Driver\Src\stm32f1xx_hal.c 0x00000000   Number         0  stm32f1xx_hal.o ABSOLUTE
    ..\Drivers\STM32F1xx_HAL_Driver\Src\stm32f1xx_hal_cortex.c 0x00000000   Number         0  stm32f1xx_hal_cortex.o ABSOLUTE
    ..\Drivers\STM32F1xx_HAL_Driver\Src\stm32f1xx_hal_dma.c 0x00000000   Number         0  stm32f1xx_hal_dma.o ABSOLUTE
    ..\Drivers\STM32F1xx_HAL_Driver\Src\stm32f1xx_hal_exti.c 0x00000000   Number         0  stm32f1xx_hal_exti.o ABSOLUTE
    ..\Drivers\STM32F1xx_HAL_Driver\Src\stm32f1xx_hal_flash.c 0x00000000   Number         0  stm32f1xx_hal_flash.o ABSOLUTE
    ..\Drivers\STM32F1xx_HAL_Driver\Src\stm32f1xx_hal_flash_ex.c 0x00000000   Number         0  stm32f1xx_hal_flash_ex.o ABSOLUTE
    ..\Drivers\STM32F1xx_HAL_Driver\Src\stm32f1xx_hal_gpio.c 0x00000000   Number         0  stm32f1xx_hal_gpio.o ABSOLUTE
    ..\Drivers\STM32F1xx_HAL_Driver\Src\stm32f1xx_hal_gpio_ex.c 0x00000000   Number         0  stm32f1xx_hal_gpio_ex.o ABSOLUTE
    ..\Drivers\STM32F1xx_HAL_Driver\Src\stm32f1xx_hal_pwr.c 0x00000000   Number         0  stm32f1xx_hal_pwr.o ABSOLUTE
    ..\Drivers\STM32F1xx_HAL_Driver\Src\stm32f1xx_hal_rcc.c 0x00000000   Number         0  stm32f1xx_hal_rcc.o ABSOLUTE
    ..\Drivers\STM32F1xx_HAL_Driver\Src\stm32f1xx_hal_rcc_ex.c 0x00000000   Number         0  stm32f1xx_hal_rcc_ex.o ABSOLUTE
    ..\Drivers\STM32F1xx_HAL_Driver\Src\stm32f1xx_hal_tim.c 0x00000000   Number         0  stm32f1xx_hal_tim.o ABSOLUTE
    ..\Drivers\STM32F1xx_HAL_Driver\Src\stm32f1xx_hal_tim_ex.c 0x00000000   Number         0  stm32f1xx_hal_tim_ex.o ABSOLUTE
    ..\Drivers\STM32F1xx_HAL_Driver\Src\stm32f1xx_hal_uart.c 0x00000000   Number         0  stm32f1xx_hal_uart.o ABSOLUTE
    HARDWARE\\algorithm.c                    0x00000000   Number         0  algorithm.o ABSOLUTE
    HARDWARE\\blood.c                        0x00000000   Number         0  blood.o ABSOLUTE
    HARDWARE\\lcd.c                          0x00000000   Number         0  lcd.o ABSOLUTE
    HARDWARE\\lcd_init.c                     0x00000000   Number         0  lcd_init.o ABSOLUTE
    HARDWARE\\xiic.c                         0x00000000   Number         0  xiic.o ABSOLUTE
    HARDWARE\algorithm.c                     0x00000000   Number         0  algorithm.o ABSOLUTE
    HARDWARE\blood.c                         0x00000000   Number         0  blood.o ABSOLUTE
    HARDWARE\font.c                          0x00000000   Number         0  font.o ABSOLUTE
    HARDWARE\lcd.c                           0x00000000   Number         0  lcd.o ABSOLUTE
    HARDWARE\lcd_init.c                      0x00000000   Number         0  lcd_init.o ABSOLUTE
    HARDWARE\xiic.c                          0x00000000   Number         0  xiic.o ABSOLUTE
    cdcmple.s                                0x00000000   Number         0  cdcmple.o ABSOLUTE
    cdrcmple.s                               0x00000000   Number         0  cdrcmple.o ABSOLUTE
    cfcmple.s                                0x00000000   Number         0  cfcmple.o ABSOLUTE
    dc.s                                     0x00000000   Number         0  dc.o ABSOLUTE
    handlers.s                               0x00000000   Number         0  handlers.o ABSOLUTE
    init.s                                   0x00000000   Number         0  init.o ABSOLUTE
    startup_stm32f103xe.s                    0x00000000   Number         0  startup_stm32f103xe.o ABSOLUTE
    RESET                                    0x08000000   Section      304  startup_stm32f103xe.o(RESET)
    .ARM.Collect$$$$00000000                 0x08000130   Section        0  entry.o(.ARM.Collect$$$$00000000)
    .ARM.Collect$$$$00000001                 0x08000130   Section        4  entry2.o(.ARM.Collect$$$$00000001)
    .ARM.Collect$$$$00000004                 0x08000134   Section        4  entry5.o(.ARM.Collect$$$$00000004)
    .ARM.Collect$$$$00000008                 0x08000138   Section        0  entry7b.o(.ARM.Collect$$$$00000008)
    .ARM.Collect$$$$0000000A                 0x08000138   Section        0  entry8b.o(.ARM.Collect$$$$0000000A)
    .ARM.Collect$$$$0000000B                 0x08000138   Section        8  entry9a.o(.ARM.Collect$$$$0000000B)
    .ARM.Collect$$$$0000000E                 0x08000140   Section        4  entry12b.o(.ARM.Collect$$$$0000000E)
    .ARM.Collect$$$$0000000F                 0x08000144   Section        0  entry10a.o(.ARM.Collect$$$$0000000F)
    .ARM.Collect$$$$00000011                 0x08000144   Section        0  entry11a.o(.ARM.Collect$$$$00000011)
    .ARM.Collect$$$$00002712                 0x08000144   Section        4  entry2.o(.ARM.Collect$$$$00002712)
    __lit__00000000                          0x08000144   Data           4  entry2.o(.ARM.Collect$$$$00002712)
    .text                                    0x08000148   Section       36  startup_stm32f103xe.o(.text)
    .text                                    0x0800016c   Section        0  llushr.o(.text)
    .text                                    0x0800018c   Section        0  memseta.o(.text)
    .text                                    0x080001b0   Section        0  fadd.o(.text)
    .text                                    0x08000260   Section        0  fmul.o(.text)
    .text                                    0x080002c4   Section        0  fdiv.o(.text)
    .text                                    0x08000340   Section        0  fscalb.o(.text)
    .text                                    0x08000358   Section        0  dadd.o(.text)
    .text                                    0x080004a6   Section        0  dmul.o(.text)
    .text                                    0x0800058a   Section        0  ddiv.o(.text)
    .text                                    0x08000668   Section        0  dscalb.o(.text)
    .text                                    0x08000696   Section        0  fflti.o(.text)
    .text                                    0x080006a8   Section        0  ffltui.o(.text)
    .text                                    0x080006b2   Section        0  dflti.o(.text)
    .text                                    0x080006d4   Section        0  ffixi.o(.text)
    .text                                    0x08000706   Section        0  ffixui.o(.text)
    .text                                    0x0800072e   Section        0  dfixi.o(.text)
    .text                                    0x0800076c   Section        0  f2d.o(.text)
    .text                                    0x08000794   Section       48  cdcmple.o(.text)
    .text                                    0x080007c4   Section       48  cdrcmple.o(.text)
    .text                                    0x080007f4   Section        0  d2f.o(.text)
    .text                                    0x0800082c   Section       20  cfcmple.o(.text)
    .text                                    0x08000840   Section        0  uidiv.o(.text)
    .text                                    0x0800086c   Section        0  uldiv.o(.text)
    .text                                    0x080008ce   Section        0  llshl.o(.text)
    .text                                    0x080008ec   Section        0  llsshr.o(.text)
    .text                                    0x08000910   Section        0  fepilogue.o(.text)
    .text                                    0x08000910   Section        0  iusefp.o(.text)
    .text                                    0x0800097e   Section        0  fsqrt.o(.text)
    .text                                    0x080009dc   Section        0  depilogue.o(.text)
    .text                                    0x08000a96   Section        0  dfixul.o(.text)
    .text                                    0x08000ac8   Section       36  init.o(.text)
    i.BusFault_Handler                       0x08000aec   Section        0  stm32f1xx_it.o(i.BusFault_Handler)
    i.DebugMon_Handler                       0x08000aee   Section        0  stm32f1xx_it.o(i.DebugMon_Handler)
    i.EE                                     0x08000af0   Section        0  algorithm.o(i.EE)
    i.Error_Handler                          0x08000b38   Section        0  main.o(i.Error_Handler)
    i.FFT                                    0x08000b3c   Section        0  algorithm.o(i.FFT)
    i.HAL_DMA_Abort                          0x08000c8c   Section        0  stm32f1xx_hal_dma.o(i.HAL_DMA_Abort)
    i.HAL_DMA_Abort_IT                       0x08000cd4   Section        0  stm32f1xx_hal_dma.o(i.HAL_DMA_Abort_IT)
    i.HAL_Delay                              0x08000e04   Section        0  stm32f1xx_hal.o(i.HAL_Delay)
    i.HAL_GPIO_Init                          0x08000e28   Section        0  stm32f1xx_hal_gpio.o(i.HAL_GPIO_Init)
    i.HAL_GPIO_ReadPin                       0x08001020   Section        0  stm32f1xx_hal_gpio.o(i.HAL_GPIO_ReadPin)
    i.HAL_GPIO_WritePin                      0x0800102a   Section        0  stm32f1xx_hal_gpio.o(i.HAL_GPIO_WritePin)
    i.HAL_GetTick                            0x08001034   Section        0  stm32f1xx_hal.o(i.HAL_GetTick)
    i.HAL_IncTick                            0x08001040   Section        0  stm32f1xx_hal.o(i.HAL_IncTick)
    i.HAL_Init                               0x08001050   Section        0  stm32f1xx_hal.o(i.HAL_Init)
    i.HAL_InitTick                           0x08001074   Section        0  stm32f1xx_hal.o(i.HAL_InitTick)
    i.HAL_MspInit                            0x080010b4   Section        0  stm32f1xx_hal_msp.o(i.HAL_MspInit)
    i.HAL_NVIC_EnableIRQ                     0x080010e0   Section        0  stm32f1xx_hal_cortex.o(i.HAL_NVIC_EnableIRQ)
    i.HAL_NVIC_SetPriority                   0x080010fc   Section        0  stm32f1xx_hal_cortex.o(i.HAL_NVIC_SetPriority)
    i.HAL_NVIC_SetPriorityGrouping           0x0800113c   Section        0  stm32f1xx_hal_cortex.o(i.HAL_NVIC_SetPriorityGrouping)
    i.HAL_RCC_ClockConfig                    0x08001160   Section        0  stm32f1xx_hal_rcc.o(i.HAL_RCC_ClockConfig)
    i.HAL_RCC_GetPCLK1Freq                   0x0800128c   Section        0  stm32f1xx_hal_rcc.o(i.HAL_RCC_GetPCLK1Freq)
    i.HAL_RCC_GetPCLK2Freq                   0x080012ac   Section        0  stm32f1xx_hal_rcc.o(i.HAL_RCC_GetPCLK2Freq)
    i.HAL_RCC_GetSysClockFreq                0x080012cc   Section        0  stm32f1xx_hal_rcc.o(i.HAL_RCC_GetSysClockFreq)
    i.HAL_RCC_OscConfig                      0x08001318   Section        0  stm32f1xx_hal_rcc.o(i.HAL_RCC_OscConfig)
    i.HAL_SYSTICK_Config                     0x08001638   Section        0  stm32f1xx_hal_cortex.o(i.HAL_SYSTICK_Config)
    i.HAL_UARTEx_RxEventCallback             0x08001660   Section        0  stm32f1xx_hal_uart.o(i.HAL_UARTEx_RxEventCallback)
    i.HAL_UART_ErrorCallback                 0x08001662   Section        0  stm32f1xx_hal_uart.o(i.HAL_UART_ErrorCallback)
    i.HAL_UART_IRQHandler                    0x08001664   Section        0  stm32f1xx_hal_uart.o(i.HAL_UART_IRQHandler)
    i.HAL_UART_Init                          0x080018d0   Section        0  stm32f1xx_hal_uart.o(i.HAL_UART_Init)
    i.HAL_UART_MspInit                       0x08001934   Section        0  usart.o(i.HAL_UART_MspInit)
    i.HAL_UART_RxCpltCallback                0x080019b4   Section        0  stm32f1xx_hal_uart.o(i.HAL_UART_RxCpltCallback)
    i.HAL_UART_Transmit                      0x080019b6   Section        0  stm32f1xx_hal_uart.o(i.HAL_UART_Transmit)
    i.HAL_UART_TxCpltCallback                0x08001a50   Section        0  stm32f1xx_hal_uart.o(i.HAL_UART_TxCpltCallback)
    i.HardFault_Handler                      0x08001a52   Section        0  stm32f1xx_it.o(i.HardFault_Handler)
    i.I2C_Ack                                0x08001a54   Section        0  xiic.o(i.I2C_Ack)
    i.IIC_Delay                              0x08001ac8   Section        0  xiic.o(i.IIC_Delay)
    i.IIC_Read_Array                         0x08001ad4   Section        0  xiic.o(i.IIC_Read_Array)
    i.IIC_Read_Byte                          0x08001b4c   Section        0  xiic.o(i.IIC_Read_Byte)
    i.IIC_Receive_Byte                       0x08001ba0   Section        0  xiic.o(i.IIC_Receive_Byte)
    i.IIC_Send_Byte                          0x08001bf4   Section        0  xiic.o(i.IIC_Send_Byte)
    i.IIC_Start                              0x08001c8c   Section        0  xiic.o(i.IIC_Start)
    i.IIC_Stop                               0x08001cd0   Section        0  xiic.o(i.IIC_Stop)
    i.IIC_Write_Byte                         0x08001d08   Section        0  xiic.o(i.IIC_Write_Byte)
    i.LCD_Address_Set                        0x08001d4c   Section        0  lcd_init.o(i.LCD_Address_Set)
    i.LCD_DrawPoint                          0x08001d86   Section        0  lcd.o(i.LCD_DrawPoint)
    i.LCD_Fill                               0x08001d9c   Section        0  lcd.o(i.LCD_Fill)
    i.LCD_Init                               0x08001ddc   Section        0  lcd_init.o(i.LCD_Init)
    i.LCD_ShowChar                           0x08001f80   Section        0  lcd.o(i.LCD_ShowChar)
    i.LCD_ShowChinese                        0x0800208c   Section        0  lcd.o(i.LCD_ShowChinese)
    i.LCD_ShowChinese12x12                   0x08002118   Section        0  lcd.o(i.LCD_ShowChinese12x12)
    i.LCD_ShowChinese16x16                   0x08002210   Section        0  lcd.o(i.LCD_ShowChinese16x16)
    i.LCD_ShowChinese24x24                   0x08002304   Section        0  lcd.o(i.LCD_ShowChinese24x24)
    i.LCD_ShowChinese32x32                   0x080023fc   Section        0  lcd.o(i.LCD_ShowChinese32x32)
    i.LCD_ShowFloatNum1                      0x080024f0   Section        0  lcd.o(i.LCD_ShowFloatNum1)
    i.LCD_ShowIntNum                         0x08002580   Section        0  lcd.o(i.LCD_ShowIntNum)
    i.LCD_ShowPicture                        0x080025fe   Section        0  lcd.o(i.LCD_ShowPicture)
    i.LCD_ShowString                         0x0800264e   Section        0  lcd.o(i.LCD_ShowString)
    i.LCD_WR_DATA                            0x08002688   Section        0  lcd_init.o(i.LCD_WR_DATA)
    i.LCD_WR_DATA8                           0x0800269c   Section        0  lcd_init.o(i.LCD_WR_DATA8)
    i.LCD_WR_REG                             0x080026a0   Section        0  lcd_init.o(i.LCD_WR_REG)
    i.LCD_Writ_Bus                           0x080026c8   Section        0  lcd_init.o(i.LCD_Writ_Bus)
    i.MAX30102_Config                        0x08002720   Section        0  blood.o(i.MAX30102_Config)
    i.MAX30102_GPIO                          0x08002794   Section        0  blood.o(i.MAX30102_GPIO)
    i.MX_GPIO_Init                           0x08002798   Section        0  gpio.o(i.MX_GPIO_Init)
    i.MX_USART1_UART_Init                    0x08002894   Section        0  usart.o(i.MX_USART1_UART_Init)
    i.Max30102_reset                         0x080028cc   Section        0  blood.o(i.Max30102_reset)
    i.MemManage_Handler                      0x080028e0   Section        0  stm32f1xx_it.o(i.MemManage_Handler)
    i.NMI_Handler                            0x080028e2   Section        0  stm32f1xx_it.o(i.NMI_Handler)
    i.PendSV_Handler                         0x080028e4   Section        0  stm32f1xx_it.o(i.PendSV_Handler)
    i.SVC_Handler                            0x080028e6   Section        0  stm32f1xx_it.o(i.SVC_Handler)
    i.SysTick_Handler                        0x080028e8   Section        0  stm32f1xx_it.o(i.SysTick_Handler)
    i.SystemClock_Config                     0x080028ec   Section        0  main.o(i.SystemClock_Config)
    i.SystemInit                             0x0800294a   Section        0  system_stm32f1xx.o(i.SystemInit)
    i.UART_DMAAbortOnError                   0x0800294c   Section        0  stm32f1xx_hal_uart.o(i.UART_DMAAbortOnError)
    UART_DMAAbortOnError                     0x0800294d   Thumb Code    16  stm32f1xx_hal_uart.o(i.UART_DMAAbortOnError)
    i.UART_EndRxTransfer                     0x0800295c   Section        0  stm32f1xx_hal_uart.o(i.UART_EndRxTransfer)
    UART_EndRxTransfer                       0x0800295d   Thumb Code    78  stm32f1xx_hal_uart.o(i.UART_EndRxTransfer)
    i.UART_Receive_IT                        0x080029aa   Section        0  stm32f1xx_hal_uart.o(i.UART_Receive_IT)
    UART_Receive_IT                          0x080029ab   Thumb Code   194  stm32f1xx_hal_uart.o(i.UART_Receive_IT)
    i.UART_SetConfig                         0x08002a6c   Section        0  stm32f1xx_hal_uart.o(i.UART_SetConfig)
    UART_SetConfig                           0x08002a6d   Thumb Code   178  stm32f1xx_hal_uart.o(i.UART_SetConfig)
    i.UART_WaitOnFlagUntilTimeout            0x08002b24   Section        0  stm32f1xx_hal_uart.o(i.UART_WaitOnFlagUntilTimeout)
    UART_WaitOnFlagUntilTimeout              0x08002b25   Thumb Code   120  stm32f1xx_hal_uart.o(i.UART_WaitOnFlagUntilTimeout)
    i.USART1_IRQHandler                      0x08002b9c   Section        0  stm32f1xx_it.o(i.USART1_IRQHandler)
    i.UsageFault_Handler                     0x08002ba8   Section        0  stm32f1xx_it.o(i.UsageFault_Handler)
    i.UsartPrintf                            0x08002bac   Section        0  usart.o(i.UsartPrintf)
    i.XCos                                   0x08002be4   Section        0  algorithm.o(i.XCos)
    i.XSin                                   0x08002c00   Section        0  algorithm.o(i.XSin)
    i.__0vsnprintf                           0x08002db0   Section        0  printfa.o(i.__0vsnprintf)
    i.__NVIC_SetPriority                     0x08002de4   Section        0  stm32f1xx_hal_cortex.o(i.__NVIC_SetPriority)
    __NVIC_SetPriority                       0x08002de5   Thumb Code    32  stm32f1xx_hal_cortex.o(i.__NVIC_SetPriority)
    i.__scatterload_copy                     0x08002e04   Section       14  handlers.o(i.__scatterload_copy)
    i.__scatterload_null                     0x08002e12   Section        2  handlers.o(i.__scatterload_null)
    i.__scatterload_zeroinit                 0x08002e14   Section       14  handlers.o(i.__scatterload_zeroinit)
    i.__set_errno                            0x08002e24   Section        0  errno.o(i.__set_errno)
    i._fp_digits                             0x08002e30   Section        0  printfa.o(i._fp_digits)
    _fp_digits                               0x08002e31   Thumb Code   366  printfa.o(i._fp_digits)
    i._printf_core                           0x08002fb4   Section        0  printfa.o(i._printf_core)
    _printf_core                             0x08002fb5   Thumb Code  1704  printfa.o(i._printf_core)
    i._printf_post_padding                   0x08003668   Section        0  printfa.o(i._printf_post_padding)
    _printf_post_padding                     0x08003669   Thumb Code    36  printfa.o(i._printf_post_padding)
    i._printf_pre_padding                    0x0800368c   Section        0  printfa.o(i._printf_pre_padding)
    _printf_pre_padding                      0x0800368d   Thumb Code    46  printfa.o(i._printf_pre_padding)
    i._snputc                                0x080036ba   Section        0  printfa.o(i._snputc)
    _snputc                                  0x080036bb   Thumb Code    22  printfa.o(i._snputc)
    i.blood_Loop                             0x080036d0   Section        0  blood.o(i.blood_Loop)
    i.blood_data_translate                   0x08003748   Section        0  blood.o(i.blood_data_translate)
    i.blood_data_update                      0x08003b18   Section        0  blood.o(i.blood_data_update)
    i.find_max_num_index                     0x08003b88   Section        0  algorithm.o(i.find_max_num_index)
    i.main                                   0x08003bbc   Section        0  main.o(i.main)
    i.max30102_read_fifo                     0x08003d54   Section        0  blood.o(i.max30102_read_fifo)
    i.my_floor                               0x08003de0   Section        0  algorithm.o(i.my_floor)
    i.my_fmod                                0x08003e00   Section        0  algorithm.o(i.my_fmod)
    i.mypow                                  0x08003e88   Section        0  lcd.o(i.mypow)
    i.sqrtf                                  0x08003e98   Section        0  sqrtf.o(i.sqrtf)
    .constdata                               0x08003ec4   Section     3200  main.o(.constdata)
    .constdata                               0x08004b44   Section       18  stm32f1xx_hal_rcc.o(.constdata)
    aPredivFactorTable                       0x08004b44   Data           2  stm32f1xx_hal_rcc.o(.constdata)
    aPLLMULFactorTable                       0x08004b46   Data          16  stm32f1xx_hal_rcc.o(.constdata)
    .constdata                               0x08004b56   Section       16  system_stm32f1xx.o(.constdata)
    .constdata                               0x08004b66   Section        8  system_stm32f1xx.o(.constdata)
    .constdata                               0x08004b6e   Section     1140  font.o(.constdata)
    .constdata                               0x08004fe2   Section     1520  font.o(.constdata)
    .constdata                               0x080055d2   Section     4560  font.o(.constdata)
    .constdata                               0x080067a2   Section     6080  font.o(.constdata)
    .constdata                               0x08007f62   Section      130  font.o(.constdata)
    .constdata                               0x08007fe4   Section      170  font.o(.constdata)
    .constdata                               0x0800808e   Section      370  font.o(.constdata)
    .constdata                               0x08008200   Section      650  font.o(.constdata)
    .constdata                               0x08008490   Section      808  algorithm.o(.constdata)
    XSinTbl                                  0x08008490   Data         808  algorithm.o(.constdata)
    .conststring                             0x080087b8   Section      631  blood.o(.conststring)
    .data                                    0x20000000   Section       12  stm32f1xx_hal.o(.data)
    .data                                    0x2000000c   Section        4  system_stm32f1xx.o(.data)
    .data                                    0x20000010   Section       16  blood.o(.data)
    .data                                    0x20000020   Section        1  xiic.o(.data)
    .data                                    0x20000024   Section        4  errno.o(.data)
    _errno                                   0x20000024   Data           4  errno.o(.data)
    .bss                                     0x20000028   Section       72  usart.o(.bss)
    .bss                                     0x20000070   Section     8448  blood.o(.bss)
    STACK                                    0x20002170   Section     1024  startup_stm32f103xe.o(STACK)

    Global Symbols

    Symbol Name                              Value     Ov Type        Size  Object(Section)

    BuildAttributes$$THM_ISAv4$P$D$K$B$S$PE$A:L22UL41UL21$X:L11$S22US41US21$IEEE1$IW$USESV6$~STKCKD$USESV7$~SHL$OTIME$ROPI$IEEEJ$EBA8$MICROLIB$REQ8$PRES8$EABIv2 0x00000000   Number         0  anon$$obj.o ABSOLUTE
    __ARM_use_no_argv                        0x00000000   Number         0  main.o ABSOLUTE
    __arm_fini_                               - Undefined Weak Reference
    __cpp_initialize__aeabi_                  - Undefined Weak Reference
    __cxa_finalize                            - Undefined Weak Reference
    __decompress                              - Undefined Weak Reference
    _clock_init                               - Undefined Weak Reference
    _microlib_exit                            - Undefined Weak Reference
    __Vectors_Size                           0x00000130   Number         0  startup_stm32f103xe.o ABSOLUTE
    __Vectors                                0x08000000   Data           4  startup_stm32f103xe.o(RESET)
    __Vectors_End                            0x08000130   Data           0  startup_stm32f103xe.o(RESET)
    __main                                   0x08000131   Thumb Code     0  entry.o(.ARM.Collect$$$$00000000)
    _main_stk                                0x08000131   Thumb Code     0  entry2.o(.ARM.Collect$$$$00000001)
    _main_scatterload                        0x08000135   Thumb Code     0  entry5.o(.ARM.Collect$$$$00000004)
    __main_after_scatterload                 0x08000139   Thumb Code     0  entry5.o(.ARM.Collect$$$$00000004)
    _main_clock                              0x08000139   Thumb Code     0  entry7b.o(.ARM.Collect$$$$00000008)
    _main_cpp_init                           0x08000139   Thumb Code     0  entry8b.o(.ARM.Collect$$$$0000000A)
    _main_init                               0x08000139   Thumb Code     0  entry9a.o(.ARM.Collect$$$$0000000B)
    __rt_lib_shutdown_fini                   0x08000141   Thumb Code     0  entry12b.o(.ARM.Collect$$$$0000000E)
    __rt_final_cpp                           0x08000145   Thumb Code     0  entry10a.o(.ARM.Collect$$$$0000000F)
    __rt_final_exit                          0x08000145   Thumb Code     0  entry11a.o(.ARM.Collect$$$$00000011)
    Reset_Handler                            0x08000149   Thumb Code     8  startup_stm32f103xe.o(.text)
    ADC1_2_IRQHandler                        0x08000163   Thumb Code     0  startup_stm32f103xe.o(.text)
    ADC3_IRQHandler                          0x08000163   Thumb Code     0  startup_stm32f103xe.o(.text)
    CAN1_RX1_IRQHandler                      0x08000163   Thumb Code     0  startup_stm32f103xe.o(.text)
    CAN1_SCE_IRQHandler                      0x08000163   Thumb Code     0  startup_stm32f103xe.o(.text)
    DMA1_Channel1_IRQHandler                 0x08000163   Thumb Code     0  startup_stm32f103xe.o(.text)
    DMA1_Channel2_IRQHandler                 0x08000163   Thumb Code     0  startup_stm32f103xe.o(.text)
    DMA1_Channel3_IRQHandler                 0x08000163   Thumb Code     0  startup_stm32f103xe.o(.text)
    DMA1_Channel4_IRQHandler                 0x08000163   Thumb Code     0  startup_stm32f103xe.o(.text)
    DMA1_Channel5_IRQHandler                 0x08000163   Thumb Code     0  startup_stm32f103xe.o(.text)
    DMA1_Channel6_IRQHandler                 0x08000163   Thumb Code     0  startup_stm32f103xe.o(.text)
    DMA1_Channel7_IRQHandler                 0x08000163   Thumb Code     0  startup_stm32f103xe.o(.text)
    DMA2_Channel1_IRQHandler                 0x08000163   Thumb Code     0  startup_stm32f103xe.o(.text)
    DMA2_Channel2_IRQHandler                 0x08000163   Thumb Code     0  startup_stm32f103xe.o(.text)
    DMA2_Channel3_IRQHandler                 0x08000163   Thumb Code     0  startup_stm32f103xe.o(.text)
    DMA2_Channel4_5_IRQHandler               0x08000163   Thumb Code     0  startup_stm32f103xe.o(.text)
    EXTI0_IRQHandler                         0x08000163   Thumb Code     0  startup_stm32f103xe.o(.text)
    EXTI15_10_IRQHandler                     0x08000163   Thumb Code     0  startup_stm32f103xe.o(.text)
    EXTI1_IRQHandler                         0x08000163   Thumb Code     0  startup_stm32f103xe.o(.text)
    EXTI2_IRQHandler                         0x08000163   Thumb Code     0  startup_stm32f103xe.o(.text)
    EXTI3_IRQHandler                         0x08000163   Thumb Code     0  startup_stm32f103xe.o(.text)
    EXTI4_IRQHandler                         0x08000163   Thumb Code     0  startup_stm32f103xe.o(.text)
    EXTI9_5_IRQHandler                       0x08000163   Thumb Code     0  startup_stm32f103xe.o(.text)
    FLASH_IRQHandler                         0x08000163   Thumb Code     0  startup_stm32f103xe.o(.text)
    FSMC_IRQHandler                          0x08000163   Thumb Code     0  startup_stm32f103xe.o(.text)
    I2C1_ER_IRQHandler                       0x08000163   Thumb Code     0  startup_stm32f103xe.o(.text)
    I2C1_EV_IRQHandler                       0x08000163   Thumb Code     0  startup_stm32f103xe.o(.text)
    I2C2_ER_IRQHandler                       0x08000163   Thumb Code     0  startup_stm32f103xe.o(.text)
    I2C2_EV_IRQHandler                       0x08000163   Thumb Code     0  startup_stm32f103xe.o(.text)
    PVD_IRQHandler                           0x08000163   Thumb Code     0  startup_stm32f103xe.o(.text)
    RCC_IRQHandler                           0x08000163   Thumb Code     0  startup_stm32f103xe.o(.text)
    RTC_Alarm_IRQHandler                     0x08000163   Thumb Code     0  startup_stm32f103xe.o(.text)
    RTC_IRQHandler                           0x08000163   Thumb Code     0  startup_stm32f103xe.o(.text)
    SDIO_IRQHandler                          0x08000163   Thumb Code     0  startup_stm32f103xe.o(.text)
    SPI1_IRQHandler                          0x08000163   Thumb Code     0  startup_stm32f103xe.o(.text)
    SPI2_IRQHandler                          0x08000163   Thumb Code     0  startup_stm32f103xe.o(.text)
    SPI3_IRQHandler                          0x08000163   Thumb Code     0  startup_stm32f103xe.o(.text)
    TAMPER_IRQHandler                        0x08000163   Thumb Code     0  startup_stm32f103xe.o(.text)
    TIM1_BRK_IRQHandler                      0x08000163   Thumb Code     0  startup_stm32f103xe.o(.text)
    TIM1_CC_IRQHandler                       0x08000163   Thumb Code     0  startup_stm32f103xe.o(.text)
    TIM1_TRG_COM_IRQHandler                  0x08000163   Thumb Code     0  startup_stm32f103xe.o(.text)
    TIM1_UP_IRQHandler                       0x08000163   Thumb Code     0  startup_stm32f103xe.o(.text)
    TIM2_IRQHandler                          0x08000163   Thumb Code     0  startup_stm32f103xe.o(.text)
    TIM3_IRQHandler                          0x08000163   Thumb Code     0  startup_stm32f103xe.o(.text)
    TIM4_IRQHandler                          0x08000163   Thumb Code     0  startup_stm32f103xe.o(.text)
    TIM5_IRQHandler                          0x08000163   Thumb Code     0  startup_stm32f103xe.o(.text)
    TIM6_IRQHandler                          0x08000163   Thumb Code     0  startup_stm32f103xe.o(.text)
    TIM7_IRQHandler                          0x08000163   Thumb Code     0  startup_stm32f103xe.o(.text)
    TIM8_BRK_IRQHandler                      0x08000163   Thumb Code     0  startup_stm32f103xe.o(.text)
    TIM8_CC_IRQHandler                       0x08000163   Thumb Code     0  startup_stm32f103xe.o(.text)
    TIM8_TRG_COM_IRQHandler                  0x08000163   Thumb Code     0  startup_stm32f103xe.o(.text)
    TIM8_UP_IRQHandler                       0x08000163   Thumb Code     0  startup_stm32f103xe.o(.text)
    UART4_IRQHandler                         0x08000163   Thumb Code     0  startup_stm32f103xe.o(.text)
    UART5_IRQHandler                         0x08000163   Thumb Code     0  startup_stm32f103xe.o(.text)
    USART2_IRQHandler                        0x08000163   Thumb Code     0  startup_stm32f103xe.o(.text)
    USART3_IRQHandler                        0x08000163   Thumb Code     0  startup_stm32f103xe.o(.text)
    USBWakeUp_IRQHandler                     0x08000163   Thumb Code     0  startup_stm32f103xe.o(.text)
    USB_HP_CAN1_TX_IRQHandler                0x08000163   Thumb Code     0  startup_stm32f103xe.o(.text)
    USB_LP_CAN1_RX0_IRQHandler               0x08000163   Thumb Code     0  startup_stm32f103xe.o(.text)
    WWDG_IRQHandler                          0x08000163   Thumb Code     0  startup_stm32f103xe.o(.text)
    __aeabi_llsr                             0x0800016d   Thumb Code    32  llushr.o(.text)
    _ll_ushift_r                             0x0800016d   Thumb Code     0  llushr.o(.text)
    __aeabi_memset                           0x0800018d   Thumb Code    14  memseta.o(.text)
    __aeabi_memset4                          0x0800018d   Thumb Code     0  memseta.o(.text)
    __aeabi_memset8                          0x0800018d   Thumb Code     0  memseta.o(.text)
    __aeabi_memclr                           0x0800019b   Thumb Code     4  memseta.o(.text)
    __aeabi_memclr4                          0x0800019b   Thumb Code     0  memseta.o(.text)
    __aeabi_memclr8                          0x0800019b   Thumb Code     0  memseta.o(.text)
    _memset$wrapper                          0x0800019f   Thumb Code    18  memseta.o(.text)
    __aeabi_fadd                             0x080001b1   Thumb Code   164  fadd.o(.text)
    __aeabi_fsub                             0x08000255   Thumb Code     6  fadd.o(.text)
    __aeabi_frsub                            0x0800025b   Thumb Code     6  fadd.o(.text)
    __aeabi_fmul                             0x08000261   Thumb Code   100  fmul.o(.text)
    __aeabi_fdiv                             0x080002c5   Thumb Code   124  fdiv.o(.text)
    __ARM_scalbnf                            0x08000341   Thumb Code    24  fscalb.o(.text)
    scalbnf                                  0x08000341   Thumb Code     0  fscalb.o(.text)
    __aeabi_dadd                             0x08000359   Thumb Code   322  dadd.o(.text)
    __aeabi_dsub                             0x0800049b   Thumb Code     6  dadd.o(.text)
    __aeabi_drsub                            0x080004a1   Thumb Code     6  dadd.o(.text)
    __aeabi_dmul                             0x080004a7   Thumb Code   228  dmul.o(.text)
    __aeabi_ddiv                             0x0800058b   Thumb Code   222  ddiv.o(.text)
    __ARM_scalbn                             0x08000669   Thumb Code    46  dscalb.o(.text)
    scalbn                                   0x08000669   Thumb Code     0  dscalb.o(.text)
    __aeabi_i2f                              0x08000697   Thumb Code    18  fflti.o(.text)
    __aeabi_ui2f                             0x080006a9   Thumb Code    10  ffltui.o(.text)
    __aeabi_i2d                              0x080006b3   Thumb Code    34  dflti.o(.text)
    __aeabi_f2iz                             0x080006d5   Thumb Code    50  ffixi.o(.text)
    __aeabi_f2uiz                            0x08000707   Thumb Code    40  ffixui.o(.text)
    __aeabi_d2iz                             0x0800072f   Thumb Code    62  dfixi.o(.text)
    __aeabi_f2d                              0x0800076d   Thumb Code    38  f2d.o(.text)
    __aeabi_cdcmpeq                          0x08000795   Thumb Code     0  cdcmple.o(.text)
    __aeabi_cdcmple                          0x08000795   Thumb Code    48  cdcmple.o(.text)
    __aeabi_cdrcmple                         0x080007c5   Thumb Code    48  cdrcmple.o(.text)
    __aeabi_d2f                              0x080007f5   Thumb Code    56  d2f.o(.text)
    __aeabi_cfcmpeq                          0x0800082d   Thumb Code     0  cfcmple.o(.text)
    __aeabi_cfcmple                          0x0800082d   Thumb Code    20  cfcmple.o(.text)
    __aeabi_uidiv                            0x08000841   Thumb Code     0  uidiv.o(.text)
    __aeabi_uidivmod                         0x08000841   Thumb Code    44  uidiv.o(.text)
    __aeabi_uldivmod                         0x0800086d   Thumb Code    98  uldiv.o(.text)
    __aeabi_llsl                             0x080008cf   Thumb Code    30  llshl.o(.text)
    _ll_shift_l                              0x080008cf   Thumb Code     0  llshl.o(.text)
    __aeabi_lasr                             0x080008ed   Thumb Code    36  llsshr.o(.text)
    _ll_sshift_r                             0x080008ed   Thumb Code     0  llsshr.o(.text)
    __I$use$fp                               0x08000911   Thumb Code     0  iusefp.o(.text)
    _float_round                             0x08000911   Thumb Code    18  fepilogue.o(.text)
    _float_epilogue                          0x08000923   Thumb Code    92  fepilogue.o(.text)
    _fsqrt                                   0x0800097f   Thumb Code    94  fsqrt.o(.text)
    _double_round                            0x080009dd   Thumb Code    30  depilogue.o(.text)
    _double_epilogue                         0x080009fb   Thumb Code   156  depilogue.o(.text)
    __aeabi_d2ulz                            0x08000a97   Thumb Code    48  dfixul.o(.text)
    __scatterload                            0x08000ac9   Thumb Code    28  init.o(.text)
    __scatterload_rt2                        0x08000ac9   Thumb Code     0  init.o(.text)
    BusFault_Handler                         0x08000aed   Thumb Code     2  stm32f1xx_it.o(i.BusFault_Handler)
    DebugMon_Handler                         0x08000aef   Thumb Code     2  stm32f1xx_it.o(i.DebugMon_Handler)
    EE                                       0x08000af1   Thumb Code    72  algorithm.o(i.EE)
    Error_Handler                            0x08000b39   Thumb Code     4  main.o(i.Error_Handler)
    FFT                                      0x08000b3d   Thumb Code   328  algorithm.o(i.FFT)
    HAL_DMA_Abort                            0x08000c8d   Thumb Code    70  stm32f1xx_hal_dma.o(i.HAL_DMA_Abort)
    HAL_DMA_Abort_IT                         0x08000cd5   Thumb Code   296  stm32f1xx_hal_dma.o(i.HAL_DMA_Abort_IT)
    HAL_Delay                                0x08000e05   Thumb Code    32  stm32f1xx_hal.o(i.HAL_Delay)
    HAL_GPIO_Init                            0x08000e29   Thumb Code   462  stm32f1xx_hal_gpio.o(i.HAL_GPIO_Init)
    HAL_GPIO_ReadPin                         0x08001021   Thumb Code    10  stm32f1xx_hal_gpio.o(i.HAL_GPIO_ReadPin)
    HAL_GPIO_WritePin                        0x0800102b   Thumb Code    10  stm32f1xx_hal_gpio.o(i.HAL_GPIO_WritePin)
    HAL_GetTick                              0x08001035   Thumb Code     6  stm32f1xx_hal.o(i.HAL_GetTick)
    HAL_IncTick                              0x08001041   Thumb Code    12  stm32f1xx_hal.o(i.HAL_IncTick)
    HAL_Init                                 0x08001051   Thumb Code    32  stm32f1xx_hal.o(i.HAL_Init)
    HAL_InitTick                             0x08001075   Thumb Code    54  stm32f1xx_hal.o(i.HAL_InitTick)
    HAL_MspInit                              0x080010b5   Thumb Code    38  stm32f1xx_hal_msp.o(i.HAL_MspInit)
    HAL_NVIC_EnableIRQ                       0x080010e1   Thumb Code    26  stm32f1xx_hal_cortex.o(i.HAL_NVIC_EnableIRQ)
    HAL_NVIC_SetPriority                     0x080010fd   Thumb Code    60  stm32f1xx_hal_cortex.o(i.HAL_NVIC_SetPriority)
    HAL_NVIC_SetPriorityGrouping             0x0800113d   Thumb Code    26  stm32f1xx_hal_cortex.o(i.HAL_NVIC_SetPriorityGrouping)
    HAL_RCC_ClockConfig                      0x08001161   Thumb Code   280  stm32f1xx_hal_rcc.o(i.HAL_RCC_ClockConfig)
    HAL_RCC_GetPCLK1Freq                     0x0800128d   Thumb Code    20  stm32f1xx_hal_rcc.o(i.HAL_RCC_GetPCLK1Freq)
    HAL_RCC_GetPCLK2Freq                     0x080012ad   Thumb Code    20  stm32f1xx_hal_rcc.o(i.HAL_RCC_GetPCLK2Freq)
    HAL_RCC_GetSysClockFreq                  0x080012cd   Thumb Code    58  stm32f1xx_hal_rcc.o(i.HAL_RCC_GetSysClockFreq)
    HAL_RCC_OscConfig                        0x08001319   Thumb Code   778  stm32f1xx_hal_rcc.o(i.HAL_RCC_OscConfig)
    HAL_SYSTICK_Config                       0x08001639   Thumb Code    40  stm32f1xx_hal_cortex.o(i.HAL_SYSTICK_Config)
    HAL_UARTEx_RxEventCallback               0x08001661   Thumb Code     2  stm32f1xx_hal_uart.o(i.HAL_UARTEx_RxEventCallback)
    HAL_UART_ErrorCallback                   0x08001663   Thumb Code     2  stm32f1xx_hal_uart.o(i.HAL_UART_ErrorCallback)
    HAL_UART_IRQHandler                      0x08001665   Thumb Code   616  stm32f1xx_hal_uart.o(i.HAL_UART_IRQHandler)
    HAL_UART_Init                            0x080018d1   Thumb Code   100  stm32f1xx_hal_uart.o(i.HAL_UART_Init)
    HAL_UART_MspInit                         0x08001935   Thumb Code   116  usart.o(i.HAL_UART_MspInit)
    HAL_UART_RxCpltCallback                  0x080019b5   Thumb Code     2  stm32f1xx_hal_uart.o(i.HAL_UART_RxCpltCallback)
    HAL_UART_Transmit                        0x080019b7   Thumb Code   154  stm32f1xx_hal_uart.o(i.HAL_UART_Transmit)
    HAL_UART_TxCpltCallback                  0x08001a51   Thumb Code     2  stm32f1xx_hal_uart.o(i.HAL_UART_TxCpltCallback)
    HardFault_Handler                        0x08001a53   Thumb Code     2  stm32f1xx_it.o(i.HardFault_Handler)
    I2C_Ack                                  0x08001a55   Thumb Code   112  xiic.o(i.I2C_Ack)
    IIC_Delay                                0x08001ac9   Thumb Code    10  xiic.o(i.IIC_Delay)
    IIC_Read_Array                           0x08001ad5   Thumb Code   114  xiic.o(i.IIC_Read_Array)
    IIC_Read_Byte                            0x08001b4d   Thumb Code    78  xiic.o(i.IIC_Read_Byte)
    IIC_Receive_Byte                         0x08001ba1   Thumb Code    78  xiic.o(i.IIC_Receive_Byte)
    IIC_Send_Byte                            0x08001bf5   Thumb Code   144  xiic.o(i.IIC_Send_Byte)
    IIC_Start                                0x08001c8d   Thumb Code    64  xiic.o(i.IIC_Start)
    IIC_Stop                                 0x08001cd1   Thumb Code    50  xiic.o(i.IIC_Stop)
    IIC_Write_Byte                           0x08001d09   Thumb Code    62  xiic.o(i.IIC_Write_Byte)
    LCD_Address_Set                          0x08001d4d   Thumb Code    58  lcd_init.o(i.LCD_Address_Set)
    LCD_DrawPoint                            0x08001d87   Thumb Code    22  lcd.o(i.LCD_DrawPoint)
    LCD_Fill                                 0x08001d9d   Thumb Code    62  lcd.o(i.LCD_Fill)
    LCD_Init                                 0x08001ddd   Thumb Code   410  lcd_init.o(i.LCD_Init)
    LCD_ShowChar                             0x08001f81   Thumb Code   252  lcd.o(i.LCD_ShowChar)
    LCD_ShowChinese                          0x0800208d   Thumb Code   140  lcd.o(i.LCD_ShowChinese)
    LCD_ShowChinese12x12                     0x08002119   Thumb Code   244  lcd.o(i.LCD_ShowChinese12x12)
    LCD_ShowChinese16x16                     0x08002211   Thumb Code   238  lcd.o(i.LCD_ShowChinese16x16)
    LCD_ShowChinese24x24                     0x08002305   Thumb Code   244  lcd.o(i.LCD_ShowChinese24x24)
    LCD_ShowChinese32x32                     0x080023fd   Thumb Code   238  lcd.o(i.LCD_ShowChinese32x32)
    LCD_ShowFloatNum1                        0x080024f1   Thumb Code   138  lcd.o(i.LCD_ShowFloatNum1)
    LCD_ShowIntNum                           0x08002581   Thumb Code   126  lcd.o(i.LCD_ShowIntNum)
    LCD_ShowPicture                          0x080025ff   Thumb Code    80  lcd.o(i.LCD_ShowPicture)
    LCD_ShowString                           0x0800264f   Thumb Code    58  lcd.o(i.LCD_ShowString)
    LCD_WR_DATA                              0x08002689   Thumb Code    20  lcd_init.o(i.LCD_WR_DATA)
    LCD_WR_DATA8                             0x0800269d   Thumb Code     4  lcd_init.o(i.LCD_WR_DATA8)
    LCD_WR_REG                               0x080026a1   Thumb Code    36  lcd_init.o(i.LCD_WR_REG)
    LCD_Writ_Bus                             0x080026c9   Thumb Code    82  lcd_init.o(i.LCD_Writ_Bus)
    MAX30102_Config                          0x08002721   Thumb Code   116  blood.o(i.MAX30102_Config)
    MAX30102_GPIO                            0x08002795   Thumb Code     2  blood.o(i.MAX30102_GPIO)
    MX_GPIO_Init                             0x08002799   Thumb Code   234  gpio.o(i.MX_GPIO_Init)
    MX_USART1_UART_Init                      0x08002895   Thumb Code    48  usart.o(i.MX_USART1_UART_Init)
    Max30102_reset                           0x080028cd   Thumb Code    20  blood.o(i.Max30102_reset)
    MemManage_Handler                        0x080028e1   Thumb Code     2  stm32f1xx_it.o(i.MemManage_Handler)
    NMI_Handler                              0x080028e3   Thumb Code     2  stm32f1xx_it.o(i.NMI_Handler)
    PendSV_Handler                           0x080028e5   Thumb Code     2  stm32f1xx_it.o(i.PendSV_Handler)
    SVC_Handler                              0x080028e7   Thumb Code     2  stm32f1xx_it.o(i.SVC_Handler)
    SysTick_Handler                          0x080028e9   Thumb Code     4  stm32f1xx_it.o(i.SysTick_Handler)
    SystemClock_Config                       0x080028ed   Thumb Code    94  main.o(i.SystemClock_Config)
    SystemInit                               0x0800294b   Thumb Code     2  system_stm32f1xx.o(i.SystemInit)
    USART1_IRQHandler                        0x08002b9d   Thumb Code     6  stm32f1xx_it.o(i.USART1_IRQHandler)
    UsageFault_Handler                       0x08002ba9   Thumb Code     2  stm32f1xx_it.o(i.UsageFault_Handler)
    UsartPrintf                              0x08002bad   Thumb Code    52  usart.o(i.UsartPrintf)
    XCos                                     0x08002be5   Thumb Code    18  algorithm.o(i.XCos)
    XSin                                     0x08002c01   Thumb Code   390  algorithm.o(i.XSin)
    __0vsnprintf                             0x08002db1   Thumb Code    46  printfa.o(i.__0vsnprintf)
    __1vsnprintf                             0x08002db1   Thumb Code     0  printfa.o(i.__0vsnprintf)
    __2vsnprintf                             0x08002db1   Thumb Code     0  printfa.o(i.__0vsnprintf)
    __c89vsnprintf                           0x08002db1   Thumb Code     0  printfa.o(i.__0vsnprintf)
    vsnprintf                                0x08002db1   Thumb Code     0  printfa.o(i.__0vsnprintf)
    __scatterload_copy                       0x08002e05   Thumb Code    14  handlers.o(i.__scatterload_copy)
    __scatterload_null                       0x08002e13   Thumb Code     2  handlers.o(i.__scatterload_null)
    __scatterload_zeroinit                   0x08002e15   Thumb Code    14  handlers.o(i.__scatterload_zeroinit)
    __set_errno                              0x08002e25   Thumb Code     6  errno.o(i.__set_errno)
    blood_Loop                               0x080036d1   Thumb Code    70  blood.o(i.blood_Loop)
    blood_data_translate                     0x08003749   Thumb Code   884  blood.o(i.blood_data_translate)
    blood_data_update                        0x08003b19   Thumb Code   100  blood.o(i.blood_data_update)
    find_max_num_index                       0x08003b89   Thumb Code    50  algorithm.o(i.find_max_num_index)
    main                                     0x08003bbd   Thumb Code   330  main.o(i.main)
    max30102_read_fifo                       0x08003d55   Thumb Code   134  blood.o(i.max30102_read_fifo)
    my_floor                                 0x08003de1   Thumb Code    32  algorithm.o(i.my_floor)
    my_fmod                                  0x08003e01   Thumb Code   136  algorithm.o(i.my_fmod)
    mypow                                    0x08003e89   Thumb Code    16  lcd.o(i.mypow)
    sqrtf                                    0x08003e99   Thumb Code    44  sqrtf.o(i.sqrtf)
    gImage_1                                 0x08003ec4   Data        3200  main.o(.constdata)
    AHBPrescTable                            0x08004b56   Data          16  system_stm32f1xx.o(.constdata)
    APBPrescTable                            0x08004b66   Data           8  system_stm32f1xx.o(.constdata)
    ascii_1206                               0x08004b6e   Data        1140  font.o(.constdata)
    ascii_1608                               0x08004fe2   Data        1520  font.o(.constdata)
    ascii_2412                               0x080055d2   Data        4560  font.o(.constdata)
    ascii_3216                               0x080067a2   Data        6080  font.o(.constdata)
    tfont12                                  0x08007f62   Data         130  font.o(.constdata)
    tfont16                                  0x08007fe4   Data         170  font.o(.constdata)
    tfont24                                  0x0800808e   Data         370  font.o(.constdata)
    tfont32                                  0x08008200   Data         650  font.o(.constdata)
    Region$$Table$$Base                      0x08008a30   Number         0  anon$$obj.o(Region$$Table)
    Region$$Table$$Limit                     0x08008a50   Number         0  anon$$obj.o(Region$$Table)
    uwTickFreq                               0x20000000   Data           1  stm32f1xx_hal.o(.data)
    uwTickPrio                               0x20000004   Data           4  stm32f1xx_hal.o(.data)
    uwTick                                   0x20000008   Data           4  stm32f1xx_hal.o(.data)
    SystemCoreClock                          0x2000000c   Data           4  system_stm32f1xx.o(.data)
    g_fft_index                              0x20000010   Data           2  blood.o(.data)
    fifo_red                                 0x20000012   Data           2  blood.o(.data)
    fifo_ir                                  0x20000014   Data           2  blood.o(.data)
    g_blooddata                              0x20000018   Data           8  blood.o(.data)
    ack                                      0x20000020   Data           1  xiic.o(.data)
    huart1                                   0x20000028   Data          72  usart.o(.bss)
    s1                                       0x20000070   Data        4224  blood.o(.bss)
    s2                                       0x200010f0   Data        4224  blood.o(.bss)
    __initial_sp                             0x20002570   Data           0  startup_stm32f103xe.o(STACK)



==============================================================================

Memory Map of the image

  Image Entry point : 0x08000131

  Load Region LR_IROM1 (Base: 0x08000000, Size: 0x00008a78, Max: 0x00040000, ABSOLUTE)

    Execution Region ER_IROM1 (Exec base: 0x08000000, Load base: 0x08000000, Size: 0x00008a50, Max: 0x00040000, ABSOLUTE)

    Exec Addr    Load Addr    Size         Type   Attr      Idx    E Section Name        Object

    0x08000000   0x08000000   0x00000130   Data   RO            3    RESET               startup_stm32f103xe.o
    0x08000130   0x08000130   0x00000000   Code   RO         2266  * .ARM.Collect$$$$00000000  mc_w.l(entry.o)
    0x08000130   0x08000130   0x00000004   Code   RO         2339    .ARM.Collect$$$$00000001  mc_w.l(entry2.o)
    0x08000134   0x08000134   0x00000004   Code   RO         2342    .ARM.Collect$$$$00000004  mc_w.l(entry5.o)
    0x08000138   0x08000138   0x00000000   Code   RO         2344    .ARM.Collect$$$$00000008  mc_w.l(entry7b.o)
    0x08000138   0x08000138   0x00000000   Code   RO         2346    .ARM.Collect$$$$0000000A  mc_w.l(entry8b.o)
    0x08000138   0x08000138   0x00000008   Code   RO         2347    .ARM.Collect$$$$0000000B  mc_w.l(entry9a.o)
    0x08000140   0x08000140   0x00000004   Code   RO         2354    .ARM.Collect$$$$0000000E  mc_w.l(entry12b.o)
    0x08000144   0x08000144   0x00000000   Code   RO         2349    .ARM.Collect$$$$0000000F  mc_w.l(entry10a.o)
    0x08000144   0x08000144   0x00000000   Code   RO         2351    .ARM.Collect$$$$00000011  mc_w.l(entry11a.o)
    0x08000144   0x08000144   0x00000004   Code   RO         2340    .ARM.Collect$$$$00002712  mc_w.l(entry2.o)
    0x08000148   0x08000148   0x00000024   Code   RO            4    .text               startup_stm32f103xe.o
    0x0800016c   0x0800016c   0x00000020   Code   RO         2269    .text               mc_w.l(llushr.o)
    0x0800018c   0x0800018c   0x00000024   Code   RO         2271    .text               mc_w.l(memseta.o)
    0x080001b0   0x080001b0   0x000000b0   Code   RO         2301    .text               mf_w.l(fadd.o)
    0x08000260   0x08000260   0x00000064   Code   RO         2303    .text               mf_w.l(fmul.o)
    0x080002c4   0x080002c4   0x0000007c   Code   RO         2305    .text               mf_w.l(fdiv.o)
    0x08000340   0x08000340   0x00000018   Code   RO         2307    .text               mf_w.l(fscalb.o)
    0x08000358   0x08000358   0x0000014e   Code   RO         2309    .text               mf_w.l(dadd.o)
    0x080004a6   0x080004a6   0x000000e4   Code   RO         2311    .text               mf_w.l(dmul.o)
    0x0800058a   0x0800058a   0x000000de   Code   RO         2313    .text               mf_w.l(ddiv.o)
    0x08000668   0x08000668   0x0000002e   Code   RO         2315    .text               mf_w.l(dscalb.o)
    0x08000696   0x08000696   0x00000012   Code   RO         2317    .text               mf_w.l(fflti.o)
    0x080006a8   0x080006a8   0x0000000a   Code   RO         2319    .text               mf_w.l(ffltui.o)
    0x080006b2   0x080006b2   0x00000022   Code   RO         2321    .text               mf_w.l(dflti.o)
    0x080006d4   0x080006d4   0x00000032   Code   RO         2323    .text               mf_w.l(ffixi.o)
    0x08000706   0x08000706   0x00000028   Code   RO         2325    .text               mf_w.l(ffixui.o)
    0x0800072e   0x0800072e   0x0000003e   Code   RO         2327    .text               mf_w.l(dfixi.o)
    0x0800076c   0x0800076c   0x00000026   Code   RO         2329    .text               mf_w.l(f2d.o)
    0x08000792   0x08000792   0x00000002   PAD
    0x08000794   0x08000794   0x00000030   Code   RO         2331    .text               mf_w.l(cdcmple.o)
    0x080007c4   0x080007c4   0x00000030   Code   RO         2333    .text               mf_w.l(cdrcmple.o)
    0x080007f4   0x080007f4   0x00000038   Code   RO         2335    .text               mf_w.l(d2f.o)
    0x0800082c   0x0800082c   0x00000014   Code   RO         2337    .text               mf_w.l(cfcmple.o)
    0x08000840   0x08000840   0x0000002c   Code   RO         2358    .text               mc_w.l(uidiv.o)
    0x0800086c   0x0800086c   0x00000062   Code   RO         2360    .text               mc_w.l(uldiv.o)
    0x080008ce   0x080008ce   0x0000001e   Code   RO         2362    .text               mc_w.l(llshl.o)
    0x080008ec   0x080008ec   0x00000024   Code   RO         2364    .text               mc_w.l(llsshr.o)
    0x08000910   0x08000910   0x00000000   Code   RO         2373    .text               mc_w.l(iusefp.o)
    0x08000910   0x08000910   0x0000006e   Code   RO         2374    .text               mf_w.l(fepilogue.o)
    0x0800097e   0x0800097e   0x0000005e   Code   RO         2376    .text               mf_w.l(fsqrt.o)
    0x080009dc   0x080009dc   0x000000ba   Code   RO         2378    .text               mf_w.l(depilogue.o)
    0x08000a96   0x08000a96   0x00000030   Code   RO         2380    .text               mf_w.l(dfixul.o)
    0x08000ac6   0x08000ac6   0x00000002   PAD
    0x08000ac8   0x08000ac8   0x00000024   Code   RO         2382    .text               mc_w.l(init.o)
    0x08000aec   0x08000aec   0x00000002   Code   RO          253    i.BusFault_Handler  stm32f1xx_it.o
    0x08000aee   0x08000aee   0x00000002   Code   RO          254    i.DebugMon_Handler  stm32f1xx_it.o
    0x08000af0   0x08000af0   0x00000048   Code   RO         2009    i.EE                algorithm.o
    0x08000b38   0x08000b38   0x00000004   Code   RO           13    i.Error_Handler     main.o
    0x08000b3c   0x08000b3c   0x00000150   Code   RO         2010    i.FFT               algorithm.o
    0x08000c8c   0x08000c8c   0x00000046   Code   RO         1175    i.HAL_DMA_Abort     stm32f1xx_hal_dma.o
    0x08000cd2   0x08000cd2   0x00000002   PAD
    0x08000cd4   0x08000cd4   0x00000130   Code   RO         1176    i.HAL_DMA_Abort_IT  stm32f1xx_hal_dma.o
    0x08000e04   0x08000e04   0x00000024   Code   RO          801    i.HAL_Delay         stm32f1xx_hal.o
    0x08000e28   0x08000e28   0x000001f8   Code   RO         1111    i.HAL_GPIO_Init     stm32f1xx_hal_gpio.o
    0x08001020   0x08001020   0x0000000a   Code   RO         1113    i.HAL_GPIO_ReadPin  stm32f1xx_hal_gpio.o
    0x0800102a   0x0800102a   0x0000000a   Code   RO         1115    i.HAL_GPIO_WritePin  stm32f1xx_hal_gpio.o
    0x08001034   0x08001034   0x0000000c   Code   RO          805    i.HAL_GetTick       stm32f1xx_hal.o
    0x08001040   0x08001040   0x00000010   Code   RO          811    i.HAL_IncTick       stm32f1xx_hal.o
    0x08001050   0x08001050   0x00000024   Code   RO          812    i.HAL_Init          stm32f1xx_hal.o
    0x08001074   0x08001074   0x00000040   Code   RO          813    i.HAL_InitTick      stm32f1xx_hal.o
    0x080010b4   0x080010b4   0x0000002c   Code   RO          335    i.HAL_MspInit       stm32f1xx_hal_msp.o
    0x080010e0   0x080010e0   0x0000001a   Code   RO         1271    i.HAL_NVIC_EnableIRQ  stm32f1xx_hal_cortex.o
    0x080010fa   0x080010fa   0x00000002   PAD
    0x080010fc   0x080010fc   0x00000040   Code   RO         1277    i.HAL_NVIC_SetPriority  stm32f1xx_hal_cortex.o
    0x0800113c   0x0800113c   0x00000024   Code   RO         1278    i.HAL_NVIC_SetPriorityGrouping  stm32f1xx_hal_cortex.o
    0x08001160   0x08001160   0x0000012c   Code   RO          969    i.HAL_RCC_ClockConfig  stm32f1xx_hal_rcc.o
    0x0800128c   0x0800128c   0x00000020   Code   RO          976    i.HAL_RCC_GetPCLK1Freq  stm32f1xx_hal_rcc.o
    0x080012ac   0x080012ac   0x00000020   Code   RO          977    i.HAL_RCC_GetPCLK2Freq  stm32f1xx_hal_rcc.o
    0x080012cc   0x080012cc   0x0000004c   Code   RO          978    i.HAL_RCC_GetSysClockFreq  stm32f1xx_hal_rcc.o
    0x08001318   0x08001318   0x00000320   Code   RO          981    i.HAL_RCC_OscConfig  stm32f1xx_hal_rcc.o
    0x08001638   0x08001638   0x00000028   Code   RO         1282    i.HAL_SYSTICK_Config  stm32f1xx_hal_cortex.o
    0x08001660   0x08001660   0x00000002   Code   RO          443    i.HAL_UARTEx_RxEventCallback  stm32f1xx_hal_uart.o
    0x08001662   0x08001662   0x00000002   Code   RO          457    i.HAL_UART_ErrorCallback  stm32f1xx_hal_uart.o
    0x08001664   0x08001664   0x0000026c   Code   RO          460    i.HAL_UART_IRQHandler  stm32f1xx_hal_uart.o
    0x080018d0   0x080018d0   0x00000064   Code   RO          461    i.HAL_UART_Init     stm32f1xx_hal_uart.o
    0x08001934   0x08001934   0x00000080   Code   RO          196    i.HAL_UART_MspInit  usart.o
    0x080019b4   0x080019b4   0x00000002   Code   RO          467    i.HAL_UART_RxCpltCallback  stm32f1xx_hal_uart.o
    0x080019b6   0x080019b6   0x0000009a   Code   RO          469    i.HAL_UART_Transmit  stm32f1xx_hal_uart.o
    0x08001a50   0x08001a50   0x00000002   Code   RO          472    i.HAL_UART_TxCpltCallback  stm32f1xx_hal_uart.o
    0x08001a52   0x08001a52   0x00000002   Code   RO          255    i.HardFault_Handler  stm32f1xx_it.o
    0x08001a54   0x08001a54   0x00000074   Code   RO         2171    i.I2C_Ack           xiic.o
    0x08001ac8   0x08001ac8   0x0000000a   Code   RO         2172    i.IIC_Delay         xiic.o
    0x08001ad2   0x08001ad2   0x00000002   PAD
    0x08001ad4   0x08001ad4   0x00000078   Code   RO         2174    i.IIC_Read_Array    xiic.o
    0x08001b4c   0x08001b4c   0x00000054   Code   RO         2175    i.IIC_Read_Byte     xiic.o
    0x08001ba0   0x08001ba0   0x00000054   Code   RO         2176    i.IIC_Receive_Byte  xiic.o
    0x08001bf4   0x08001bf4   0x00000098   Code   RO         2177    i.IIC_Send_Byte     xiic.o
    0x08001c8c   0x08001c8c   0x00000044   Code   RO         2178    i.IIC_Start         xiic.o
    0x08001cd0   0x08001cd0   0x00000038   Code   RO         2179    i.IIC_Stop          xiic.o
    0x08001d08   0x08001d08   0x00000044   Code   RO         2181    i.IIC_Write_Byte    xiic.o
    0x08001d4c   0x08001d4c   0x0000003a   Code   RO         1951    i.LCD_Address_Set   lcd_init.o
    0x08001d86   0x08001d86   0x00000016   Code   RO         1830    i.LCD_DrawPoint     lcd.o
    0x08001d9c   0x08001d9c   0x0000003e   Code   RO         1832    i.LCD_Fill          lcd.o
    0x08001dda   0x08001dda   0x00000002   PAD
    0x08001ddc   0x08001ddc   0x000001a4   Code   RO         1953    i.LCD_Init          lcd_init.o
    0x08001f80   0x08001f80   0x0000010c   Code   RO         1833    i.LCD_ShowChar      lcd.o
    0x0800208c   0x0800208c   0x0000008c   Code   RO         1834    i.LCD_ShowChinese   lcd.o
    0x08002118   0x08002118   0x000000f8   Code   RO         1835    i.LCD_ShowChinese12x12  lcd.o
    0x08002210   0x08002210   0x000000f4   Code   RO         1836    i.LCD_ShowChinese16x16  lcd.o
    0x08002304   0x08002304   0x000000f8   Code   RO         1837    i.LCD_ShowChinese24x24  lcd.o
    0x080023fc   0x080023fc   0x000000f4   Code   RO         1838    i.LCD_ShowChinese32x32  lcd.o
    0x080024f0   0x080024f0   0x00000090   Code   RO         1839    i.LCD_ShowFloatNum1  lcd.o
    0x08002580   0x08002580   0x0000007e   Code   RO         1840    i.LCD_ShowIntNum    lcd.o
    0x080025fe   0x080025fe   0x00000050   Code   RO         1841    i.LCD_ShowPicture   lcd.o
    0x0800264e   0x0800264e   0x0000003a   Code   RO         1842    i.LCD_ShowString    lcd.o
    0x08002688   0x08002688   0x00000014   Code   RO         1954    i.LCD_WR_DATA       lcd_init.o
    0x0800269c   0x0800269c   0x00000004   Code   RO         1955    i.LCD_WR_DATA8      lcd_init.o
    0x080026a0   0x080026a0   0x00000028   Code   RO         1956    i.LCD_WR_REG        lcd_init.o
    0x080026c8   0x080026c8   0x00000058   Code   RO         1957    i.LCD_Writ_Bus      lcd_init.o
    0x08002720   0x08002720   0x00000074   Code   RO         2092    i.MAX30102_Config   blood.o
    0x08002794   0x08002794   0x00000002   Code   RO         2093    i.MAX30102_GPIO     blood.o
    0x08002796   0x08002796   0x00000002   PAD
    0x08002798   0x08002798   0x000000fc   Code   RO          171    i.MX_GPIO_Init      gpio.o
    0x08002894   0x08002894   0x00000038   Code   RO          197    i.MX_USART1_UART_Init  usart.o
    0x080028cc   0x080028cc   0x00000014   Code   RO         2094    i.Max30102_reset    blood.o
    0x080028e0   0x080028e0   0x00000002   Code   RO          256    i.MemManage_Handler  stm32f1xx_it.o
    0x080028e2   0x080028e2   0x00000002   Code   RO          257    i.NMI_Handler       stm32f1xx_it.o
    0x080028e4   0x080028e4   0x00000002   Code   RO          258    i.PendSV_Handler    stm32f1xx_it.o
    0x080028e6   0x080028e6   0x00000002   Code   RO          259    i.SVC_Handler       stm32f1xx_it.o
    0x080028e8   0x080028e8   0x00000004   Code   RO          260    i.SysTick_Handler   stm32f1xx_it.o
    0x080028ec   0x080028ec   0x0000005e   Code   RO           14    i.SystemClock_Config  main.o
    0x0800294a   0x0800294a   0x00000002   Code   RO         1772    i.SystemInit        system_stm32f1xx.o
    0x0800294c   0x0800294c   0x00000010   Code   RO          474    i.UART_DMAAbortOnError  stm32f1xx_hal_uart.o
    0x0800295c   0x0800295c   0x0000004e   Code   RO          484    i.UART_EndRxTransfer  stm32f1xx_hal_uart.o
    0x080029aa   0x080029aa   0x000000c2   Code   RO          486    i.UART_Receive_IT   stm32f1xx_hal_uart.o
    0x08002a6c   0x08002a6c   0x000000b8   Code   RO          487    i.UART_SetConfig    stm32f1xx_hal_uart.o
    0x08002b24   0x08002b24   0x00000078   Code   RO          490    i.UART_WaitOnFlagUntilTimeout  stm32f1xx_hal_uart.o
    0x08002b9c   0x08002b9c   0x0000000c   Code   RO          261    i.USART1_IRQHandler  stm32f1xx_it.o
    0x08002ba8   0x08002ba8   0x00000002   Code   RO          262    i.UsageFault_Handler  stm32f1xx_it.o
    0x08002baa   0x08002baa   0x00000002   PAD
    0x08002bac   0x08002bac   0x00000038   Code   RO          198    i.UsartPrintf       usart.o
    0x08002be4   0x08002be4   0x0000001c   Code   RO         2011    i.XCos              algorithm.o
    0x08002c00   0x08002c00   0x000001b0   Code   RO         2012    i.XSin              algorithm.o
    0x08002db0   0x08002db0   0x00000034   Code   RO         2279    i.__0vsnprintf      mc_w.l(printfa.o)
    0x08002de4   0x08002de4   0x00000020   Code   RO         1284    i.__NVIC_SetPriority  stm32f1xx_hal_cortex.o
    0x08002e04   0x08002e04   0x0000000e   Code   RO         2388    i.__scatterload_copy  mc_w.l(handlers.o)
    0x08002e12   0x08002e12   0x00000002   Code   RO         2389    i.__scatterload_null  mc_w.l(handlers.o)
    0x08002e14   0x08002e14   0x0000000e   Code   RO         2390    i.__scatterload_zeroinit  mc_w.l(handlers.o)
    0x08002e22   0x08002e22   0x00000002   PAD
    0x08002e24   0x08002e24   0x0000000c   Code   RO         2368    i.__set_errno       mc_w.l(errno.o)
    0x08002e30   0x08002e30   0x00000184   Code   RO         2281    i._fp_digits        mc_w.l(printfa.o)
    0x08002fb4   0x08002fb4   0x000006b4   Code   RO         2282    i._printf_core      mc_w.l(printfa.o)
    0x08003668   0x08003668   0x00000024   Code   RO         2283    i._printf_post_padding  mc_w.l(printfa.o)
    0x0800368c   0x0800368c   0x0000002e   Code   RO         2284    i._printf_pre_padding  mc_w.l(printfa.o)
    0x080036ba   0x080036ba   0x00000016   Code   RO         2285    i._snputc           mc_w.l(printfa.o)
    0x080036d0   0x080036d0   0x00000078   Code   RO         2095    i.blood_Loop        blood.o
    0x08003748   0x08003748   0x000003d0   Code   RO         2096    i.blood_data_translate  blood.o
    0x08003b18   0x08003b18   0x00000070   Code   RO         2097    i.blood_data_update  blood.o
    0x08003b88   0x08003b88   0x00000032   Code   RO         2015    i.find_max_num_index  algorithm.o
    0x08003bba   0x08003bba   0x00000002   PAD
    0x08003bbc   0x08003bbc   0x00000198   Code   RO           15    i.main              main.o
    0x08003d54   0x08003d54   0x0000008c   Code   RO         2098    i.max30102_read_fifo  blood.o
    0x08003de0   0x08003de0   0x00000020   Code   RO         2016    i.my_floor          algorithm.o
    0x08003e00   0x08003e00   0x00000088   Code   RO         2017    i.my_fmod           algorithm.o
    0x08003e88   0x08003e88   0x00000010   Code   RO         1843    i.mypow             lcd.o
    0x08003e98   0x08003e98   0x0000002c   Code   RO         2259    i.sqrtf             m_ws.l(sqrtf.o)
    0x08003ec4   0x08003ec4   0x00000c80   Data   RO           16    .constdata          main.o
    0x08004b44   0x08004b44   0x00000012   Data   RO          982    .constdata          stm32f1xx_hal_rcc.o
    0x08004b56   0x08004b56   0x00000010   Data   RO         1773    .constdata          system_stm32f1xx.o
    0x08004b66   0x08004b66   0x00000008   Data   RO         1774    .constdata          system_stm32f1xx.o
    0x08004b6e   0x08004b6e   0x00000474   Data   RO         1806    .constdata          font.o
    0x08004fe2   0x08004fe2   0x000005f0   Data   RO         1807    .constdata          font.o
    0x080055d2   0x080055d2   0x000011d0   Data   RO         1808    .constdata          font.o
    0x080067a2   0x080067a2   0x000017c0   Data   RO         1809    .constdata          font.o
    0x08007f62   0x08007f62   0x00000082   Data   RO         1810    .constdata          font.o
    0x08007fe4   0x08007fe4   0x000000aa   Data   RO         1811    .constdata          font.o
    0x0800808e   0x0800808e   0x00000172   Data   RO         1812    .constdata          font.o
    0x08008200   0x08008200   0x0000028a   Data   RO         1813    .constdata          font.o
    0x0800848a   0x0800848a   0x00000006   PAD
    0x08008490   0x08008490   0x00000328   Data   RO         2019    .constdata          algorithm.o
    0x080087b8   0x080087b8   0x00000277   Data   RO         2100    .conststring        blood.o
    0x08008a2f   0x08008a2f   0x00000001   PAD
    0x08008a30   0x08008a30   0x00000020   Data   RO         2386    Region$$Table       anon$$obj.o


    Execution Region RW_IRAM1 (Exec base: 0x20000000, Load base: 0x08008a50, Size: 0x00002570, Max: 0x0000c000, ABSOLUTE)

    Exec Addr    Load Addr    Size         Type   Attr      Idx    E Section Name        Object

    0x20000000   0x08008a50   0x0000000c   Data   RW          819    .data               stm32f1xx_hal.o
    0x2000000c   0x08008a5c   0x00000004   Data   RW         1775    .data               system_stm32f1xx.o
    0x20000010   0x08008a60   0x00000010   Data   RW         2101    .data               blood.o
    0x20000020   0x08008a70   0x00000001   Data   RW         2182    .data               xiic.o
    0x20000021   0x08008a71   0x00000003   PAD
    0x20000024   0x08008a74   0x00000004   Data   RW         2369    .data               mc_w.l(errno.o)
    0x20000028        -       0x00000048   Zero   RW          199    .bss                usart.o
    0x20000070        -       0x00002100   Zero   RW         2099    .bss                blood.o
    0x20002170        -       0x00000400   Zero   RW            1    STACK               startup_stm32f103xe.o


==============================================================================

Image component sizes


      Code (inc. data)   RO Data    RW Data    ZI Data      Debug   Object Name

      1086         60        808          0          0       5887   algorithm.o
      1486        160        631         16       8448       5233   blood.o
         0          0      14620          0          0       1306   font.o
       252         18          0          0          0        935   gpio.o
      1900         42          0          0          0      12122   lcd.o
       630         20          0          0          0       4874   lcd_init.o
       506         78       3200          0          0     455819   main.o
        36          8        304          0       1024        764   startup_stm32f103xe.o
       164         28          0         12          0       6209   stm32f1xx_hal.o
       198         14          0          0          0      28731   stm32f1xx_hal_cortex.o
       374          8          0          0          0       1723   stm32f1xx_hal_dma.o
       524         42          0          0          0       3383   stm32f1xx_hal_gpio.o
        44          6          0          0          0        758   stm32f1xx_hal_msp.o
      1240         84         18          0          0       4896   stm32f1xx_hal_rcc.o
      1474         10          0          0          0       9532   stm32f1xx_hal_uart.o
        32          6          0          0          0       3938   stm32f1xx_it.o
         2          0         24          4          0       1007   system_stm32f1xx.o
       240         24          0          0         72       2876   usart.o
       758         46          0          1          0       5480   xiic.o

    ----------------------------------------------------------------------
     10960        654      19644         36       9544     555473   Object Totals
         0          0         32          0          0          0   (incl. Generated)
        14          0          7          3          0          0   (incl. Padding)

    ----------------------------------------------------------------------

      Code (inc. data)   RO Data    RW Data    ZI Data      Debug   Library Member Name

        44          0          0          0          0         80   sqrtf.o
         0          0          0          0          0          0   entry.o
         0          0          0          0          0          0   entry10a.o
         0          0          0          0          0          0   entry11a.o
         4          0          0          0          0          0   entry12b.o
         8          4          0          0          0          0   entry2.o
         4          0          0          0          0          0   entry5.o
         0          0          0          0          0          0   entry7b.o
         0          0          0          0          0          0   entry8b.o
         8          4          0          0          0          0   entry9a.o
        12          6          0          4          0         68   errno.o
        30          0          0          0          0          0   handlers.o
        36          8          0          0          0         68   init.o
         0          0          0          0          0          0   iusefp.o
        30          0          0          0          0         68   llshl.o
        36          0          0          0          0         68   llsshr.o
        32          0          0          0          0         68   llushr.o
        36          0          0          0          0        108   memseta.o
      2260         86          0          0          0        528   printfa.o
        44          0          0          0          0         80   uidiv.o
        98          0          0          0          0         92   uldiv.o
        48          0          0          0          0         68   cdcmple.o
        48          0          0          0          0         68   cdrcmple.o
        20          0          0          0          0         68   cfcmple.o
        56          0          0          0          0         88   d2f.o
       334          0          0          0          0        148   dadd.o
       222          0          0          0          0        100   ddiv.o
       186          0          0          0          0        176   depilogue.o
        62          0          0          0          0         80   dfixi.o
        48          0          0          0          0         68   dfixul.o
        34          0          0          0          0         76   dflti.o
       228          0          0          0          0         96   dmul.o
        46          0          0          0          0         80   dscalb.o
        38          0          0          0          0         68   f2d.o
       176          0          0          0          0        140   fadd.o
       124          0          0          0          0         88   fdiv.o
       110          0          0          0          0        168   fepilogue.o
        50          0          0          0          0         68   ffixi.o
        40          0          0          0          0         68   ffixui.o
        18          0          0          0          0         68   fflti.o
        10          0          0          0          0         68   ffltui.o
       100          0          0          0          0         76   fmul.o
        24          0          0          0          0         68   fscalb.o
        94          0          0          0          0         96   fsqrt.o

    ----------------------------------------------------------------------
      4804        108          0          4          0       3320   Library Totals
         6          0          0          0          0          0   (incl. Padding)

    ----------------------------------------------------------------------

      Code (inc. data)   RO Data    RW Data    ZI Data      Debug   Library Name

        44          0          0          0          0         80   m_ws.l
      2638        108          0          4          0       1148   mc_w.l
      2116          0          0          0          0       2092   mf_w.l

    ----------------------------------------------------------------------
      4804        108          0          4          0       3320   Library Totals

    ----------------------------------------------------------------------

==============================================================================


      Code (inc. data)   RO Data    RW Data    ZI Data      Debug   

     15764        762      19644         40       9544     552393   Grand Totals
     15764        762      19644         40       9544     552393   ELF Image Totals
     15764        762      19644         40          0          0   ROM Totals

==============================================================================

    Total RO  Size (Code + RO Data)                35408 (  34.58kB)
    Total RW  Size (RW Data + ZI Data)              9584 (   9.36kB)
    Total ROM Size (Code + RO Data + RW Data)      35448 (  34.62kB)

==============================================================================

